=== HDC Phase 3 EMG replay (hdc_emg_board_test.c) ===
=== Waiting for Digilent USB cable ===
Digilent cable detected on /dev/ttyUSB0
=== Program + poll Phase 3 EMG replay ===
Programming HDC_DMA EMG replay with:
  bitstream: /home/bsp-lab/1024-HDC/board/HDC_DMA/app/_ide/bitstream/design_1_wrapper.bit
  app:       /home/bsp-lab/1024-HDC/board/HDC_DMA/app/build/Final_HDC_dma_emg.elf
=== JTAG targets ===
  1
  DAP
  (APB
  AP
  transaction
  error,
  DAP
  status
  0x30000021)
  2
  xc7z020

=== PS7 init before PL (releases PL from reset) ===
  pre-PL PS7 attempt 1...
    failed: Could not select APU target for PS7 init: no targets found with "name =~ "APU*"". available targets:
  1  DAP (APB AP transaction error, DAP status 0x30000021)
  2  xc7z020
  pre-PL PS7 attempt 2...
    failed: Could not select APU target for PS7 init: no targets found with "name =~ "APU*"". available targets:
  1  DAP (APB AP transaction error, DAP status 0x30000021)
  2  xc7z020
  3  whole scan chain (ftdi_write_data_submit failed: all fine)
  pre-PL PS7 attempt 3...
    failed: Could not select APU target for PS7 init: no targets found with "name =~ "APU*"". available targets:
  1  DAP (APB AP transaction error, DAP status 0x30000021)
  2  xc7z020
WARNING: Pre-PL PS7 init failed; continuing with PL programming anyway.

=== Programming PL bitstream ===
  PL attempt 1
    fpga failed: could not find configuration request.
  PL attempt 2
    fpga failed: could not find configuration request.
  PL attempt 3
-code 1 -level 0 -errorstack {INNER {returnImm {Code 1 Time 1784087281830 Format {JTAG node is not accessible}} {}} CALL {get_action_reply ::tcfclient#0::arg * {
		if { [lindex $data 0] != "" } {
		    error [lindex $data 0]
		}
		if { [llength $data] != 4 } {
		    error [list "unexpected config status reply:" $data]
		}
		set status [lindex $data 2]
		set names [split [lindex $data 3] ,]
		set index [lsearch -exact $names {END OF STARTUP (EOS) STATUS}]
		if { $index >= 0 } {
		    if { [expr $status & (1 << $index)] == 0 } {
			dict set arg err "fpga configuration failed. DONE PIN is not HIGH"
		    }
		} elseif { [dict get $arg init_status] != 1 } {
		    dict set arg err "fpga configuration failed. INIT PIN is not HIGH"
		}
	    } {}} CALL {get_action_reply ::tcfclient#0::arg * {
		if { [lindex $data 0] != "" } {
		    error [lindex $data 0]
		}
		if { [llength $data] != 4 } {
		    error [list "unexpected config status reply:" $data]
		}
		set status [lindex $data 2]
		set names [split [lindex $data 3] ,]
		set index [lsearch -exact $names {END OF STARTUP (EOS) STATUS}]
		if { $index >= 0 } {
		    if { [expr $status & (1 << $index)] == 0 } {
			dict set arg err "fpga configuration failed. DONE PIN is not HIGH"
		    }
		} elseif { [dict get $arg init_status] != 1 } {
		    dict set arg err "fpga configuration failed. INIT PIN is not HIGH"
		}
	    } {}}} -errorcode NONE -errorinfo {Code 1 Time 1784087281830 Format {JTAG node is not accessible}
    while executing
"error [lindex $data 0]"
    ("eval" body line 3)
    invoked from within
"eval $script"} -errorline 12
PL programmed successfully via xsdb

=== PS7 init after PL ===
  post-PL PS7 attempt 1...
    failed: Could not select APU target for PS7 init: no targets found with "name =~ "APU*"". available targets:
  1  DAP (APB AP transaction error, DAP status 0x30000021)
  2* xc7z020
  post-PL PS7 attempt 2...
    failed: Could not select APU target for PS7 init: no targets found with "name =~ "APU*"". available targets: none
  post-PL PS7 attempt 3...
    failed: Could not select APU target for PS7 init: no targets found with "name =~ "APU*"". available targets:
  1  DAP (APB AP transaction error, DAP status 0x30000021)
  2* xc7z020
  post-PL PS7 attempt 4...
    failed: Could not select APU target for PS7 init: no targets found with "name =~ "APU*"". available targets:
  3  whole scan chain (ftdi_write_data_submit failed: all fine)
  post-PL PS7 attempt 5...
    failed: Could not select APU target for PS7 init: no targets found with "name =~ "APU*"". available targets:
  1  DAP (APB AP transaction error, DAP status 0x30000021)
  2* xc7z020
PS7 initialization failed after PL programming
    while executing
"error "PS7 initialization failed after PL programming""
    (procedure "program_zed_board" line 20)
    invoked from within
"program_zed_board $BITFILE $PS7_INIT $FSBL_ELF $EMG_ELF $VIVADO_PL 1 $EMG_BIN $EMG_DDR_BASE"
    invoked from within
"if {[file exists $EMG_BIN]} {
    program_zed_board $BITFILE $PS7_INIT $FSBL_ELF $EMG_ELF $VIVADO_PL 1 $EMG_BIN $EMG_DDR_BASE
} else {
    program_zed..."
    (file "/home/bsp-lab/1024-HDC/board/HDC_DMA/_ide/run_emg_all.tcl" line 64)
ERROR: EMG replay output missing expected summary line
