=== Anchor A: keep_ratio=1.0 ===
Skipping mask patch for anchor A (HDC_ANCHOR_SKIP_PATCH=1)
Rebuilding Final_HDC_dma_emg.elf ...
   text	   data	    bss	    dec	    hex	filename
  48821	   1472	  61008	 111301	  1b2c5	/home/bsp-lab/1024-HDC/board/HDC_DMA/app/build/Final_HDC_dma_emg.elf
Running board EMG replay ...
=== HDC Phase 3 EMG replay (hdc_emg_board_test.c) ===
=== Waiting for Digilent USB cable ===
Digilent cable detected on /dev/ttyUSB0
=== Program + poll Phase 3 EMG replay ===
Programming HDC_DMA EMG replay with:
  bitstream: /home/bsp-lab/1024-HDC/board/HDC_DMA/app/_ide/bitstream/design_1_wrapper.bit
  app:       /home/bsp-lab/1024-HDC/board/HDC_DMA/app/build/Final_HDC_dma_emg.elf
=== JTAG targets ===
  1
  APU
  2
  ARM
  Cortex-A9
  MPCore
  #0
  (Running)
  3
  ARM
  Cortex-A9
  MPCore
  #1
  (Running)
  4
  xc7z020

=== PS7 init before PL (releases PL from reset) ===
  pre-PL PS7 attempt 1...
Pre-PL PS7 init OK

=== Programming PL bitstream ===
  PL attempt 1
    fpga failed: Error occurred during Prog B register check
  PL attempt 2
    fpga failed: could not find configuration request.
  PL attempt 3
PL programmed successfully via xsdb

=== PS7 init after PL ===
  post-PL PS7 attempt 1...
PS7 initialized
FSBL loaded
HDC_app loaded
Loading emg_board_vectors.bin to DDR 0x02000000 (chunk 65536B) ...
  chunk @ 0x02080000 attempt 1/20: Memory write error at 0x208C000. Cannot flush JTAG server queue. ftdi_transfer_data_done failed: usb bulk read failed
  chunk @ 0x020C0000 attempt 1/20: Memory write error at 0x20C19E8. Cannot flush JTAG server queue. ftdi_transfer_data_done failed: usb bulk read failed
  1.0 / 8.5 MiB
  chunk @ 0x02140000 attempt 1/20: Memory write error at 0x2144800. Cannot flush JTAG server queue. ftdi_transfer_data_done failed: usb bulk read failed
  2.0 / 8.5 MiB
  chunk @ 0x022D0000 attempt 1/20: Memory write error at 0x22D39E8. Cannot flush JTAG server queue. ftdi_transfer_data_done failed: usb bulk read failed
  3.0 / 8.5 MiB
  4.0 / 8.5 MiB
  5.0 / 8.5 MiB
  6.0 / 8.5 MiB
  7.0 / 8.5 MiB
  8.0 / 8.5 MiB
  chunk @ 0x02810000 attempt 1/20: Memory write error at 0x2810FD4. Cannot flush JTAG server queue. ftdi_read_data failed: usb bulk read failed
Vectors bin loaded (8883216 bytes)
Programming and run complete
CPU running EMG replay — polling @ 0x00100300 (max 7200s)...
==================================================
HDC Phase 3 EMG replay (sw/hdc_emg_board_test.c)
DDR readback @ 0x00100300
==================================================
EMG replay: N=493512 correct=359202 accuracy=72.78%
Export ref: 72.78%
Board vs export: delta=0.00%  PASS (0.5% tol)
errors=134310
==================================================
Results saved: /home/bsp-lab/1024-HDC/results/protocol_v2/anchors/anchor_A/board_emg_replay.txt
EMG replay: N=493512 correct=359202 accuracy=72.78%
Export ref: 72.78%
Board vs export: delta=0.00%  PASS (0.5% tol)
Export ref: 72.78%
Board vs export: delta=0.00%  PASS (0.5% tol)
SUCCESS: Phase 3 EMG replay complete (board within 0.5% of export ref).
Anchor A complete -> /home/bsp-lab/1024-HDC/results/protocol_v2/anchors/anchor_A/board_emg_replay.txt
EMG replay: N=493512 correct=359202 accuracy=72.78%
Export ref: 72.78%
Board vs export: delta=0.00%  PASS (0.5% tol)
Export ref: 72.78%
Board vs export: delta=0.00%  PASS (0.5% tol)
Status: PASS
