Programming HDC_DMA EMG replay with:
  bitstream: /home/bsp-lab/1024-HDC/board/HDC_DMA/app/_ide/bitstream/design_1_wrapper.bit
  app:       /home/bsp-lab/1024-HDC/board/HDC_DMA/app/build/Final_HDC_dma_emg.elf
=== JTAG targets ===
  1
  APU
  2
  ARM
  Cortex-A9
  MPCore
  #0
  (Running)
  3
  ARM
  Cortex-A9
  MPCore
  #1
  (Running)
  4
  xc7z020

=== PS7 init before PL (releases PL from reset) ===
  pre-PL PS7 attempt 1...
    failed: Memory write error at 0xF8000008. Cannot flush JTAG server queue. ftdi_transfer_data_done failed: usb bulk read failed
  pre-PL PS7 attempt 2...
    failed: Memory read error at 0xF80060B4. Cannot flush JTAG server queue. ftdi_write_data_submit failed: all fine
  pre-PL PS7 attempt 3...
Pre-PL PS7 init OK

=== Programming PL bitstream ===
  PL attempt 1
PL programmed successfully via xsdb

=== PS7 init after PL ===
  post-PL PS7 attempt 1...
PS7 initialized
  FSBL load attempt 1/8 failed: Memory write error at 0x4000. Cannot flush JTAG server queue. ftdi_write_data_submit failed: usb bulk read failed
FSBL loaded
HDC_app loaded
Loading emg_board_vectors.bin to DDR 0x02000000 (chunk 65536B) ...
  chunk @ 0x020B0000 attempt 1/20: Memory write error at 0x20B8000. Cannot flush JTAG server queue. ftdi_write_data_submit failed: usb bulk read failed
  chunk @ 0x020D0000 attempt 1/20: Memory write error at 0x20D5C00. Cannot flush JTAG server queue. ftdi_read_data failed: usb bulk read failed
  1.0 / 8.5 MiB
  chunk @ 0x021D0000 attempt 1/20: Memory write error at 0x21D4DE8. Cannot flush JTAG server queue. ftdi_read_data failed: usb bulk read failed
  2.0 / 8.5 MiB
  chunk @ 0x02200000 attempt 1/20: Memory write error at 0x22039E8. Cannot flush JTAG server queue. ftdi_read_data failed: usb bulk read failed
  3.0 / 8.5 MiB
  4.0 / 8.5 MiB
  5.0 / 8.5 MiB
  chunk @ 0x025C0000 attempt 1/20: Memory write error at 0x25C0210. Cannot flush JTAG server queue. ftdi_transfer_data_done failed: usb bulk read failed
  6.0 / 8.5 MiB
  chunk @ 0x02600000 attempt 1/20: Memory write error at 0x2600024. Cannot flush JTAG server queue. ftdi_transfer_data_done failed: usb bulk read failed
  chunk @ 0x02640000 attempt 1/20: Memory write error at 0x264C000. Cannot flush JTAG server queue. ftdi_transfer_data_done failed: usb bulk read failed
  7.0 / 8.5 MiB
  chunk @ 0x02730000 attempt 1/20: Cannot flush JTAG server queue. ftdi_write_data_submit failed: usb bulk read failed
  chunk @ 0x027D0000 attempt 1/20: Memory write error at 0x27D4C00. Cannot flush JTAG server queue. ftdi_transfer_data_done failed: usb bulk read failed
  8.0 / 8.5 MiB
Vectors bin loaded (8883216 bytes)
Programming and run complete
CPU running EMG replay — polling @ 0x00100300 (max 7200s)...
==================================================
HDC Phase 3 EMG replay (sw/hdc_emg_board_test.c)
DDR readback @ 0x00100300
==================================================
EMG replay: N=493512 correct=359202 accuracy=72.78%
Export ref: 72.78%
Board vs export: delta=0.00%  PASS (0.5% tol)
errors=134310
==================================================
