=== Twist 1 silicon @ keep=0.125 (anchor C) ===
--- Informed: reuse anchor C board result ---
Copied /home/bsp-lab/1024-HDC/results/protocol_v2/anchors/anchor_C/board_emg_replay.txt -> /home/bsp-lab/1024-HDC/results/phase3/twist1_silicon/informed_anchor_C/
EMG replay: N=493512 correct=359522 accuracy=72.84%
Export ref: 72.85%
Windows replayed: 493512 correct=359522 accuracy=72.84%

--- Random seed=0: patch + board replay ---
=== Anchor C: keep_ratio=0.125 ===
Skipping mask patch for anchor C (HDC_ANCHOR_SKIP_PATCH=1)
Rebuilding Final_HDC_dma_emg.elf ...
   text	   data	    bss	    dec	    hex	filename
  48821	   1472	  61008	 111301	  1b2c5	/home/bsp-lab/1024-HDC/board/HDC_DMA/app/build/Final_HDC_dma_emg.elf
Running board EMG replay ...
=== HDC Phase 3 EMG replay (hdc_emg_board_test.c) ===
=== Waiting for Digilent USB cable ===
Digilent cable detected on /dev/ttyUSB0
=== Program + poll Phase 3 EMG replay ===
Programming HDC_DMA EMG replay with:
  bitstream: /home/bsp-lab/1024-HDC/board/HDC_DMA/app/_ide/bitstream/design_1_wrapper.bit
  app:       /home/bsp-lab/1024-HDC/board/HDC_DMA/app/build/Final_HDC_dma_emg.elf
  initial APU attempt 1/5 ...
  APU target available
=== JTAG targets ===
  1*
  APU
  2
  ARM
  Cortex-A9
  MPCore
  #0
  (Running)
  3
  ARM
  Cortex-A9
  MPCore
  #1
  (Running)
  4
  xc7z020

=== PS7 init before PL (releases PL from reset) ===
  pre-PL APU attempt 1/3 ...
  APU target available
  pre-PL PS7 attempt 1...
Pre-PL PS7 init OK

=== Programming PL bitstream ===
  PL attempt 1
PL programmed successfully via xsdb

=== PS7 init after PL ===
  post-PL APU attempt 1/5 ...
  APU target available
  post-PL PS7 attempt 1...
PS7 initialized
FSBL loaded
  HDC_app load attempt 1/8 failed: Memory write error at 0x104000. Cannot flush JTAG server queue. ftdi_write_data_submit failed: usb bulk read failed
  waiting for A9 target (attempt 1)...
HDC_app loaded
Loading emg_board_vectors.bin to DDR 0x02000000 (chunk 65536B) ...
  1.0 / 8.5 MiB
  2.0 / 8.5 MiB
  chunk @ 0x02200000 attempt 1/20: Memory write error at 0x2200000. Cannot flush JTAG server queue. ftdi_write_data_submit failed: usb bulk read failed
  3.0 / 8.5 MiB
  4.0 / 8.5 MiB
  chunk @ 0x02420000 attempt 1/20: Memory write error at 0x242C000. Cannot flush CPU cache. Cannot flush JTAG server queue. ftdi_write_data_submit failed: usb bulk read failed
  5.0 / 8.5 MiB
  chunk @ 0x02530000 attempt 1/20: Memory write error at 0x253EDE8. Cannot flush JTAG server queue. ftdi_read_data failed: usb bulk read failed
  6.0 / 8.5 MiB
  chunk @ 0x02660000 attempt 1/20: Memory write error at 0x266FDE8. Cannot flush JTAG server queue. ftdi_transfer_data_done failed: usb bulk read failed
  chunk @ 0x02680000 attempt 1/20: Memory write error at 0x268C000. Cannot flush JTAG server queue. ftdi_write_data_submit failed: all fine
  7.0 / 8.5 MiB
  8.0 / 8.5 MiB
Vectors bin loaded (8883216 bytes)
Programming and run complete
CPU running EMG replay — polling @ 0x00100300 (max 7200s)...
==================================================
HDC Phase 3 EMG replay (sw/hdc_emg_board_test.c)
DDR readback @ 0x00100300
==================================================
EMG replay: N=493512 correct=308517 accuracy=62.51%
Export ref: 62.51%
Board vs export: delta=0.00%  PASS (0.5% tol)
errors=184995
==================================================
Results saved: /home/bsp-lab/1024-HDC/results/phase3/twist1_silicon/random_seed_0/board_emg_replay.txt
EMG replay: N=493512 correct=308517 accuracy=62.51%
Export ref: 62.51%
Board vs export: delta=0.00%  PASS (0.5% tol)
Export ref: 62.51%
Board vs export: delta=0.00%  PASS (0.5% tol)
SUCCESS: Phase 3 EMG replay complete (board within 0.5% of export ref).
Anchor C complete -> /home/bsp-lab/1024-HDC/results/phase3/twist1_silicon/random_seed_0/board_emg_replay.txt
EMG replay: N=493512 correct=308517 accuracy=62.51%
Export ref: 62.51%
Board vs export: delta=0.00%  PASS (0.5% tol)
Export ref: 62.51%
Board vs export: delta=0.00%  PASS (0.5% tol)
Status: PASS
EMG replay: N=493512 correct=308517 accuracy=62.51%
Export ref: 62.51%
Windows replayed: 493512 correct=308517 accuracy=62.51%
# Twist 1 — silicon informed vs random @ keep=0.125

| Condition | Board accuracy |
|-----------|----------------|
| Fisher informed (anchor C) | **72.84%** |
| Random seed 0 | **62.51%** |

**Gap (informed − random):** +10.33 pp (mean over 1 seed(s))

Twist 1 silicon complete -> /home/bsp-lab/1024-HDC/results/phase3/twist1_silicon/README.md
