======================================================================
Issue 22 — Stage B ranking baselines
  protocol=HDC-2  D=1024  keep=0.125 (128 bits)
  methods=['fisher', 'variance', 'mutual_information', 'class_mean_separation', 'prototype_disagreement', 'entropy', 'random_full', 'random_active']
  item_mem_seed=1  subjects=[1, 2, 3, 4, 5]
  random_seeds=[0, 1, 2, 3, 4]
  max_train=all  max_test=15000
======================================================================

== subject 1 ==
    subject 1: train=37206 test=15000 n_keep=128
      classify s1/full: 750/15000
      classify s1/full: 1500/15000
      classify s1/full: 2250/15000
      classify s1/full: 3000/15000
      classify s1/full: 3750/15000
      classify s1/full: 4500/15000
      classify s1/full: 5250/15000
      classify s1/full: 6000/15000
      classify s1/full: 6750/15000
      classify s1/full: 7500/15000
      classify s1/full: 8250/15000
      classify s1/full: 9000/15000
      classify s1/full: 9750/15000
      classify s1/full: 10500/15000
      classify s1/full: 11250/15000
      classify s1/full: 12000/15000
      classify s1/full: 12750/15000
      classify s1/full: 13500/15000
      classify s1/full: 14250/15000
      classify s1/fisher: 750/15000
      classify s1/fisher: 1500/15000
      classify s1/fisher: 2250/15000
      classify s1/fisher: 3000/15000
      classify s1/fisher: 3750/15000
      classify s1/fisher: 4500/15000
      classify s1/fisher: 5250/15000
      classify s1/fisher: 6000/15000
      classify s1/fisher: 6750/15000
      classify s1/fisher: 7500/15000
      classify s1/fisher: 8250/15000
      classify s1/fisher: 9000/15000
      classify s1/fisher: 9750/15000
      classify s1/fisher: 10500/15000
      classify s1/fisher: 11250/15000
      classify s1/fisher: 12000/15000
      classify s1/fisher: 12750/15000
      classify s1/fisher: 13500/15000
      classify s1/fisher: 14250/15000
      classify s1/fisher: 750/15000
      classify s1/fisher: 1500/15000
      classify s1/fisher: 2250/15000
      classify s1/fisher: 3000/15000
      classify s1/fisher: 3750/15000
      classify s1/fisher: 4500/15000
      classify s1/fisher: 5250/15000
      classify s1/fisher: 6000/15000
      classify s1/fisher: 6750/15000
      classify s1/fisher: 7500/15000
      classify s1/fisher: 8250/15000
      classify s1/fisher: 9000/15000
      classify s1/fisher: 9750/15000
      classify s1/fisher: 10500/15000
      classify s1/fisher: 11250/15000
      classify s1/fisher: 12000/15000
      classify s1/fisher: 12750/15000
      classify s1/fisher: 13500/15000
      classify s1/fisher: 14250/15000
      classify s1/variance: 750/15000
      classify s1/variance: 1500/15000
      classify s1/variance: 2250/15000
      classify s1/variance: 3000/15000
      classify s1/variance: 3750/15000
      classify s1/variance: 4500/15000
      classify s1/variance: 5250/15000
      classify s1/variance: 6000/15000
      classify s1/variance: 6750/15000
      classify s1/variance: 7500/15000
      classify s1/variance: 8250/15000
      classify s1/variance: 9000/15000
      classify s1/variance: 9750/15000
      classify s1/variance: 10500/15000
      classify s1/variance: 11250/15000
      classify s1/variance: 12000/15000
      classify s1/variance: 12750/15000
      classify s1/variance: 13500/15000
      classify s1/variance: 14250/15000
      classify s1/mutual_information: 750/15000
      classify s1/mutual_information: 1500/15000
      classify s1/mutual_information: 2250/15000
      classify s1/mutual_information: 3000/15000
      classify s1/mutual_information: 3750/15000
      classify s1/mutual_information: 4500/15000
      classify s1/mutual_information: 5250/15000
      classify s1/mutual_information: 6000/15000
      classify s1/mutual_information: 6750/15000
      classify s1/mutual_information: 7500/15000
      classify s1/mutual_information: 8250/15000
      classify s1/mutual_information: 9000/15000
      classify s1/mutual_information: 9750/15000
      classify s1/mutual_information: 10500/15000
      classify s1/mutual_information: 11250/15000
      classify s1/mutual_information: 12000/15000
      classify s1/mutual_information: 12750/15000
      classify s1/mutual_information: 13500/15000
      classify s1/mutual_information: 14250/15000
      classify s1/class_mean_separation: 750/15000
      classify s1/class_mean_separation: 1500/15000
      classify s1/class_mean_separation: 2250/15000
      classify s1/class_mean_separation: 3000/15000
      classify s1/class_mean_separation: 3750/15000
      classify s1/class_mean_separation: 4500/15000
      classify s1/class_mean_separation: 5250/15000
      classify s1/class_mean_separation: 6000/15000
      classify s1/class_mean_separation: 6750/15000
      classify s1/class_mean_separation: 7500/15000
      classify s1/class_mean_separation: 8250/15000
      classify s1/class_mean_separation: 9000/15000
      classify s1/class_mean_separation: 9750/15000
      classify s1/class_mean_separation: 10500/15000
      classify s1/class_mean_separation: 11250/15000
      classify s1/class_mean_separation: 12000/15000
      classify s1/class_mean_separation: 12750/15000
      classify s1/class_mean_separation: 13500/15000
      classify s1/class_mean_separation: 14250/15000
      classify s1/prototype_disagreement: 750/15000
      classify s1/prototype_disagreement: 1500/15000
      classify s1/prototype_disagreement: 2250/15000
      classify s1/prototype_disagreement: 3000/15000
      classify s1/prototype_disagreement: 3750/15000
      classify s1/prototype_disagreement: 4500/15000
      classify s1/prototype_disagreement: 5250/15000
      classify s1/prototype_disagreement: 6000/15000
      classify s1/prototype_disagreement: 6750/15000
      classify s1/prototype_disagreement: 7500/15000
      classify s1/prototype_disagreement: 8250/15000
      classify s1/prototype_disagreement: 9000/15000
      classify s1/prototype_disagreement: 9750/15000
      classify s1/prototype_disagreement: 10500/15000
      classify s1/prototype_disagreement: 11250/15000
      classify s1/prototype_disagreement: 12000/15000
      classify s1/prototype_disagreement: 12750/15000
      classify s1/prototype_disagreement: 13500/15000
      classify s1/prototype_disagreement: 14250/15000
      classify s1/entropy: 750/15000
      classify s1/entropy: 1500/15000
      classify s1/entropy: 2250/15000
      classify s1/entropy: 3000/15000
      classify s1/entropy: 3750/15000
      classify s1/entropy: 4500/15000
      classify s1/entropy: 5250/15000
      classify s1/entropy: 6000/15000
      classify s1/entropy: 6750/15000
      classify s1/entropy: 7500/15000
      classify s1/entropy: 8250/15000
      classify s1/entropy: 9000/15000
      classify s1/entropy: 9750/15000
      classify s1/entropy: 10500/15000
      classify s1/entropy: 11250/15000
      classify s1/entropy: 12000/15000
      classify s1/entropy: 12750/15000
      classify s1/entropy: 13500/15000
      classify s1/entropy: 14250/15000
      classify s1/random_full0: 750/15000
      classify s1/random_full0: 1500/15000
      classify s1/random_full0: 2250/15000
      classify s1/random_full0: 3000/15000
      classify s1/random_full0: 3750/15000
      classify s1/random_full0: 4500/15000
      classify s1/random_full0: 5250/15000
      classify s1/random_full0: 6000/15000
      classify s1/random_full0: 6750/15000
      classify s1/random_full0: 7500/15000
      classify s1/random_full0: 8250/15000
      classify s1/random_full0: 9000/15000
      classify s1/random_full0: 9750/15000
      classify s1/random_full0: 10500/15000
      classify s1/random_full0: 11250/15000
      classify s1/random_full0: 12000/15000
      classify s1/random_full0: 12750/15000
      classify s1/random_full0: 13500/15000
      classify s1/random_full0: 14250/15000
      classify s1/random_full1: 750/15000
      classify s1/random_full1: 1500/15000
      classify s1/random_full1: 2250/15000
      classify s1/random_full1: 3000/15000
      classify s1/random_full1: 3750/15000
      classify s1/random_full1: 4500/15000
      classify s1/random_full1: 5250/15000
      classify s1/random_full1: 6000/15000
      classify s1/random_full1: 6750/15000
      classify s1/random_full1: 7500/15000
      classify s1/random_full1: 8250/15000
      classify s1/random_full1: 9000/15000
      classify s1/random_full1: 9750/15000
      classify s1/random_full1: 10500/15000
      classify s1/random_full1: 11250/15000
      classify s1/random_full1: 12000/15000
      classify s1/random_full1: 12750/15000
      classify s1/random_full1: 13500/15000
      classify s1/random_full1: 14250/15000
      classify s1/random_full2: 750/15000
      classify s1/random_full2: 1500/15000
      classify s1/random_full2: 2250/15000
      classify s1/random_full2: 3000/15000
      classify s1/random_full2: 3750/15000
      classify s1/random_full2: 4500/15000
      classify s1/random_full2: 5250/15000
      classify s1/random_full2: 6000/15000
      classify s1/random_full2: 6750/15000
      classify s1/random_full2: 7500/15000
      classify s1/random_full2: 8250/15000
      classify s1/random_full2: 9000/15000
      classify s1/random_full2: 9750/15000
      classify s1/random_full2: 10500/15000
      classify s1/random_full2: 11250/15000
      classify s1/random_full2: 12000/15000
      classify s1/random_full2: 12750/15000
      classify s1/random_full2: 13500/15000
      classify s1/random_full2: 14250/15000
      classify s1/random_full3: 750/15000
      classify s1/random_full3: 1500/15000
      classify s1/random_full3: 2250/15000
      classify s1/random_full3: 3000/15000
      classify s1/random_full3: 3750/15000
      classify s1/random_full3: 4500/15000
      classify s1/random_full3: 5250/15000
      classify s1/random_full3: 6000/15000
      classify s1/random_full3: 6750/15000
      classify s1/random_full3: 7500/15000
      classify s1/random_full3: 8250/15000
      classify s1/random_full3: 9000/15000
      classify s1/random_full3: 9750/15000
      classify s1/random_full3: 10500/15000
      classify s1/random_full3: 11250/15000
      classify s1/random_full3: 12000/15000
      classify s1/random_full3: 12750/15000
      classify s1/random_full3: 13500/15000
      classify s1/random_full3: 14250/15000
      classify s1/random_full4: 750/15000
      classify s1/random_full4: 1500/15000
      classify s1/random_full4: 2250/15000
      classify s1/random_full4: 3000/15000
      classify s1/random_full4: 3750/15000
      classify s1/random_full4: 4500/15000
      classify s1/random_full4: 5250/15000
      classify s1/random_full4: 6000/15000
      classify s1/random_full4: 6750/15000
      classify s1/random_full4: 7500/15000
      classify s1/random_full4: 8250/15000
      classify s1/random_full4: 9000/15000
      classify s1/random_full4: 9750/15000
      classify s1/random_full4: 10500/15000
      classify s1/random_full4: 11250/15000
      classify s1/random_full4: 12000/15000
      classify s1/random_full4: 12750/15000
      classify s1/random_full4: 13500/15000
      classify s1/random_full4: 14250/15000
      classify s1/random_active0: 750/15000
      classify s1/random_active0: 1500/15000
      classify s1/random_active0: 2250/15000
      classify s1/random_active0: 3000/15000
      classify s1/random_active0: 3750/15000
      classify s1/random_active0: 4500/15000
      classify s1/random_active0: 5250/15000
      classify s1/random_active0: 6000/15000
      classify s1/random_active0: 6750/15000
      classify s1/random_active0: 7500/15000
      classify s1/random_active0: 8250/15000
      classify s1/random_active0: 9000/15000
      classify s1/random_active0: 9750/15000
      classify s1/random_active0: 10500/15000
      classify s1/random_active0: 11250/15000
      classify s1/random_active0: 12000/15000
      classify s1/random_active0: 12750/15000
      classify s1/random_active0: 13500/15000
      classify s1/random_active0: 14250/15000
      classify s1/random_active1: 750/15000
      classify s1/random_active1: 1500/15000
      classify s1/random_active1: 2250/15000
      classify s1/random_active1: 3000/15000
      classify s1/random_active1: 3750/15000
      classify s1/random_active1: 4500/15000
      classify s1/random_active1: 5250/15000
      classify s1/random_active1: 6000/15000
      classify s1/random_active1: 6750/15000
      classify s1/random_active1: 7500/15000
      classify s1/random_active1: 8250/15000
      classify s1/random_active1: 9000/15000
      classify s1/random_active1: 9750/15000
      classify s1/random_active1: 10500/15000
      classify s1/random_active1: 11250/15000
      classify s1/random_active1: 12000/15000
      classify s1/random_active1: 12750/15000
      classify s1/random_active1: 13500/15000
      classify s1/random_active1: 14250/15000
      classify s1/random_active2: 750/15000
      classify s1/random_active2: 1500/15000
      classify s1/random_active2: 2250/15000
      classify s1/random_active2: 3000/15000
      classify s1/random_active2: 3750/15000
      classify s1/random_active2: 4500/15000
      classify s1/random_active2: 5250/15000
      classify s1/random_active2: 6000/15000
      classify s1/random_active2: 6750/15000
      classify s1/random_active2: 7500/15000
      classify s1/random_active2: 8250/15000
      classify s1/random_active2: 9000/15000
      classify s1/random_active2: 9750/15000
      classify s1/random_active2: 10500/15000
      classify s1/random_active2: 11250/15000
      classify s1/random_active2: 12000/15000
      classify s1/random_active2: 12750/15000
      classify s1/random_active2: 13500/15000
      classify s1/random_active2: 14250/15000
      classify s1/random_active3: 750/15000
      classify s1/random_active3: 1500/15000
      classify s1/random_active3: 2250/15000
      classify s1/random_active3: 3000/15000
      classify s1/random_active3: 3750/15000
      classify s1/random_active3: 4500/15000
      classify s1/random_active3: 5250/15000
      classify s1/random_active3: 6000/15000
      classify s1/random_active3: 6750/15000
      classify s1/random_active3: 7500/15000
      classify s1/random_active3: 8250/15000
      classify s1/random_active3: 9000/15000
      classify s1/random_active3: 9750/15000
      classify s1/random_active3: 10500/15000
      classify s1/random_active3: 11250/15000
      classify s1/random_active3: 12000/15000
      classify s1/random_active3: 12750/15000
      classify s1/random_active3: 13500/15000
      classify s1/random_active3: 14250/15000
      classify s1/random_active4: 750/15000
      classify s1/random_active4: 1500/15000
      classify s1/random_active4: 2250/15000
      classify s1/random_active4: 3000/15000
      classify s1/random_active4: 3750/15000
      classify s1/random_active4: 4500/15000
      classify s1/random_active4: 5250/15000
      classify s1/random_active4: 6000/15000
      classify s1/random_active4: 6750/15000
      classify s1/random_active4: 7500/15000
      classify s1/random_active4: 8250/15000
      classify s1/random_active4: 9000/15000
      classify s1/random_active4: 9750/15000
      classify s1/random_active4: 10500/15000
      classify s1/random_active4: 11250/15000
      classify s1/random_active4: 12000/15000
      classify s1/random_active4: 12750/15000
      classify s1/random_active4: 13500/15000
      classify s1/random_active4: 14250/15000

== subject 2 ==
    subject 2: train=34782 test=15000 n_keep=128
      classify s2/full: 750/15000
      classify s2/full: 1500/15000
      classify s2/full: 2250/15000
      classify s2/full: 3000/15000
      classify s2/full: 3750/15000
      classify s2/full: 4500/15000
      classify s2/full: 5250/15000
      classify s2/full: 6000/15000
      classify s2/full: 6750/15000
      classify s2/full: 7500/15000
      classify s2/full: 8250/15000
      classify s2/full: 9000/15000
      classify s2/full: 9750/15000
      classify s2/full: 10500/15000
      classify s2/full: 11250/15000
      classify s2/full: 12000/15000
      classify s2/full: 12750/15000
      classify s2/full: 13500/15000
      classify s2/full: 14250/15000
      classify s2/fisher: 750/15000
      classify s2/fisher: 1500/15000
      classify s2/fisher: 2250/15000
      classify s2/fisher: 3000/15000
      classify s2/fisher: 3750/15000
      classify s2/fisher: 4500/15000
      classify s2/fisher: 5250/15000
      classify s2/fisher: 6000/15000
      classify s2/fisher: 6750/15000
      classify s2/fisher: 7500/15000
      classify s2/fisher: 8250/15000
      classify s2/fisher: 9000/15000
      classify s2/fisher: 9750/15000
      classify s2/fisher: 10500/15000
      classify s2/fisher: 11250/15000
      classify s2/fisher: 12000/15000
      classify s2/fisher: 12750/15000
      classify s2/fisher: 13500/15000
      classify s2/fisher: 14250/15000
      classify s2/fisher: 750/15000
      classify s2/fisher: 1500/15000
      classify s2/fisher: 2250/15000
      classify s2/fisher: 3000/15000
      classify s2/fisher: 3750/15000
      classify s2/fisher: 4500/15000
      classify s2/fisher: 5250/15000
      classify s2/fisher: 6000/15000
      classify s2/fisher: 6750/15000
      classify s2/fisher: 7500/15000
      classify s2/fisher: 8250/15000
      classify s2/fisher: 9000/15000
      classify s2/fisher: 9750/15000
      classify s2/fisher: 10500/15000
      classify s2/fisher: 11250/15000
      classify s2/fisher: 12000/15000
      classify s2/fisher: 12750/15000
      classify s2/fisher: 13500/15000
      classify s2/fisher: 14250/15000
      classify s2/variance: 750/15000
      classify s2/variance: 1500/15000
      classify s2/variance: 2250/15000
      classify s2/variance: 3000/15000
      classify s2/variance: 3750/15000
      classify s2/variance: 4500/15000
      classify s2/variance: 5250/15000
      classify s2/variance: 6000/15000
      classify s2/variance: 6750/15000
      classify s2/variance: 7500/15000
      classify s2/variance: 8250/15000
      classify s2/variance: 9000/15000
      classify s2/variance: 9750/15000
      classify s2/variance: 10500/15000
      classify s2/variance: 11250/15000
      classify s2/variance: 12000/15000
      classify s2/variance: 12750/15000
      classify s2/variance: 13500/15000
      classify s2/variance: 14250/15000
      classify s2/mutual_information: 750/15000
      classify s2/mutual_information: 1500/15000
      classify s2/mutual_information: 2250/15000
      classify s2/mutual_information: 3000/15000
      classify s2/mutual_information: 3750/15000
      classify s2/mutual_information: 4500/15000
      classify s2/mutual_information: 5250/15000
      classify s2/mutual_information: 6000/15000
      classify s2/mutual_information: 6750/15000
      classify s2/mutual_information: 7500/15000
      classify s2/mutual_information: 8250/15000
      classify s2/mutual_information: 9000/15000
      classify s2/mutual_information: 9750/15000
      classify s2/mutual_information: 10500/15000
      classify s2/mutual_information: 11250/15000
      classify s2/mutual_information: 12000/15000
      classify s2/mutual_information: 12750/15000
      classify s2/mutual_information: 13500/15000
      classify s2/mutual_information: 14250/15000
      classify s2/class_mean_separation: 750/15000
      classify s2/class_mean_separation: 1500/15000
      classify s2/class_mean_separation: 2250/15000
      classify s2/class_mean_separation: 3000/15000
      classify s2/class_mean_separation: 3750/15000
      classify s2/class_mean_separation: 4500/15000
      classify s2/class_mean_separation: 5250/15000
      classify s2/class_mean_separation: 6000/15000
      classify s2/class_mean_separation: 6750/15000
      classify s2/class_mean_separation: 7500/15000
      classify s2/class_mean_separation: 8250/15000
      classify s2/class_mean_separation: 9000/15000
      classify s2/class_mean_separation: 9750/15000
      classify s2/class_mean_separation: 10500/15000
      classify s2/class_mean_separation: 11250/15000
      classify s2/class_mean_separation: 12000/15000
      classify s2/class_mean_separation: 12750/15000
      classify s2/class_mean_separation: 13500/15000
      classify s2/class_mean_separation: 14250/15000
      classify s2/prototype_disagreement: 750/15000
      classify s2/prototype_disagreement: 1500/15000
      classify s2/prototype_disagreement: 2250/15000
      classify s2/prototype_disagreement: 3000/15000
      classify s2/prototype_disagreement: 3750/15000
      classify s2/prototype_disagreement: 4500/15000
      classify s2/prototype_disagreement: 5250/15000
      classify s2/prototype_disagreement: 6000/15000
      classify s2/prototype_disagreement: 6750/15000
      classify s2/prototype_disagreement: 7500/15000
      classify s2/prototype_disagreement: 8250/15000
      classify s2/prototype_disagreement: 9000/15000
      classify s2/prototype_disagreement: 9750/15000
      classify s2/prototype_disagreement: 10500/15000
      classify s2/prototype_disagreement: 11250/15000
      classify s2/prototype_disagreement: 12000/15000
      classify s2/prototype_disagreement: 12750/15000
      classify s2/prototype_disagreement: 13500/15000
      classify s2/prototype_disagreement: 14250/15000
      classify s2/entropy: 750/15000
      classify s2/entropy: 1500/15000
      classify s2/entropy: 2250/15000
      classify s2/entropy: 3000/15000
      classify s2/entropy: 3750/15000
      classify s2/entropy: 4500/15000
      classify s2/entropy: 5250/15000
      classify s2/entropy: 6000/15000
      classify s2/entropy: 6750/15000
      classify s2/entropy: 7500/15000
      classify s2/entropy: 8250/15000
      classify s2/entropy: 9000/15000
      classify s2/entropy: 9750/15000
      classify s2/entropy: 10500/15000
      classify s2/entropy: 11250/15000
      classify s2/entropy: 12000/15000
      classify s2/entropy: 12750/15000
      classify s2/entropy: 13500/15000
      classify s2/entropy: 14250/15000
      classify s2/random_full0: 750/15000
      classify s2/random_full0: 1500/15000
      classify s2/random_full0: 2250/15000
      classify s2/random_full0: 3000/15000
      classify s2/random_full0: 3750/15000
      classify s2/random_full0: 4500/15000
      classify s2/random_full0: 5250/15000
      classify s2/random_full0: 6000/15000
      classify s2/random_full0: 6750/15000
      classify s2/random_full0: 7500/15000
      classify s2/random_full0: 8250/15000
      classify s2/random_full0: 9000/15000
      classify s2/random_full0: 9750/15000
      classify s2/random_full0: 10500/15000
      classify s2/random_full0: 11250/15000
      classify s2/random_full0: 12000/15000
      classify s2/random_full0: 12750/15000
      classify s2/random_full0: 13500/15000
      classify s2/random_full0: 14250/15000
      classify s2/random_full1: 750/15000
      classify s2/random_full1: 1500/15000
      classify s2/random_full1: 2250/15000
      classify s2/random_full1: 3000/15000
      classify s2/random_full1: 3750/15000
      classify s2/random_full1: 4500/15000
      classify s2/random_full1: 5250/15000
      classify s2/random_full1: 6000/15000
      classify s2/random_full1: 6750/15000
      classify s2/random_full1: 7500/15000
      classify s2/random_full1: 8250/15000
      classify s2/random_full1: 9000/15000
      classify s2/random_full1: 9750/15000
      classify s2/random_full1: 10500/15000
      classify s2/random_full1: 11250/15000
      classify s2/random_full1: 12000/15000
      classify s2/random_full1: 12750/15000
      classify s2/random_full1: 13500/15000
      classify s2/random_full1: 14250/15000
      classify s2/random_full2: 750/15000
      classify s2/random_full2: 1500/15000
      classify s2/random_full2: 2250/15000
      classify s2/random_full2: 3000/15000
      classify s2/random_full2: 3750/15000
      classify s2/random_full2: 4500/15000
      classify s2/random_full2: 5250/15000
      classify s2/random_full2: 6000/15000
      classify s2/random_full2: 6750/15000
      classify s2/random_full2: 7500/15000
      classify s2/random_full2: 8250/15000
      classify s2/random_full2: 9000/15000
      classify s2/random_full2: 9750/15000
      classify s2/random_full2: 10500/15000
      classify s2/random_full2: 11250/15000
      classify s2/random_full2: 12000/15000
      classify s2/random_full2: 12750/15000
      classify s2/random_full2: 13500/15000
      classify s2/random_full2: 14250/15000
      classify s2/random_full3: 750/15000
      classify s2/random_full3: 1500/15000
      classify s2/random_full3: 2250/15000
      classify s2/random_full3: 3000/15000
      classify s2/random_full3: 3750/15000
      classify s2/random_full3: 4500/15000
      classify s2/random_full3: 5250/15000
      classify s2/random_full3: 6000/15000
      classify s2/random_full3: 6750/15000
      classify s2/random_full3: 7500/15000
      classify s2/random_full3: 8250/15000
      classify s2/random_full3: 9000/15000
      classify s2/random_full3: 9750/15000
      classify s2/random_full3: 10500/15000
      classify s2/random_full3: 11250/15000
      classify s2/random_full3: 12000/15000
      classify s2/random_full3: 12750/15000
      classify s2/random_full3: 13500/15000
      classify s2/random_full3: 14250/15000
      classify s2/random_full4: 750/15000
      classify s2/random_full4: 1500/15000
      classify s2/random_full4: 2250/15000
      classify s2/random_full4: 3000/15000
      classify s2/random_full4: 3750/15000
      classify s2/random_full4: 4500/15000
      classify s2/random_full4: 5250/15000
      classify s2/random_full4: 6000/15000
      classify s2/random_full4: 6750/15000
      classify s2/random_full4: 7500/15000
      classify s2/random_full4: 8250/15000
      classify s2/random_full4: 9000/15000
      classify s2/random_full4: 9750/15000
      classify s2/random_full4: 10500/15000
      classify s2/random_full4: 11250/15000
      classify s2/random_full4: 12000/15000
      classify s2/random_full4: 12750/15000
      classify s2/random_full4: 13500/15000
      classify s2/random_full4: 14250/15000
      classify s2/random_active0: 750/15000
      classify s2/random_active0: 1500/15000
      classify s2/random_active0: 2250/15000
      classify s2/random_active0: 3000/15000
      classify s2/random_active0: 3750/15000
      classify s2/random_active0: 4500/15000
      classify s2/random_active0: 5250/15000
      classify s2/random_active0: 6000/15000
      classify s2/random_active0: 6750/15000
      classify s2/random_active0: 7500/15000
      classify s2/random_active0: 8250/15000
      classify s2/random_active0: 9000/15000
      classify s2/random_active0: 9750/15000
      classify s2/random_active0: 10500/15000
      classify s2/random_active0: 11250/15000
      classify s2/random_active0: 12000/15000
      classify s2/random_active0: 12750/15000
      classify s2/random_active0: 13500/15000
      classify s2/random_active0: 14250/15000
      classify s2/random_active1: 750/15000
      classify s2/random_active1: 1500/15000
      classify s2/random_active1: 2250/15000
      classify s2/random_active1: 3000/15000
      classify s2/random_active1: 3750/15000
      classify s2/random_active1: 4500/15000
      classify s2/random_active1: 5250/15000
      classify s2/random_active1: 6000/15000
      classify s2/random_active1: 6750/15000
      classify s2/random_active1: 7500/15000
      classify s2/random_active1: 8250/15000
      classify s2/random_active1: 9000/15000
      classify s2/random_active1: 9750/15000
      classify s2/random_active1: 10500/15000
      classify s2/random_active1: 11250/15000
      classify s2/random_active1: 12000/15000
      classify s2/random_active1: 12750/15000
      classify s2/random_active1: 13500/15000
      classify s2/random_active1: 14250/15000
      classify s2/random_active2: 750/15000
      classify s2/random_active2: 1500/15000
      classify s2/random_active2: 2250/15000
      classify s2/random_active2: 3000/15000
      classify s2/random_active2: 3750/15000
      classify s2/random_active2: 4500/15000
      classify s2/random_active2: 5250/15000
      classify s2/random_active2: 6000/15000
      classify s2/random_active2: 6750/15000
      classify s2/random_active2: 7500/15000
      classify s2/random_active2: 8250/15000
      classify s2/random_active2: 9000/15000
      classify s2/random_active2: 9750/15000
      classify s2/random_active2: 10500/15000
      classify s2/random_active2: 11250/15000
      classify s2/random_active2: 12000/15000
      classify s2/random_active2: 12750/15000
      classify s2/random_active2: 13500/15000
      classify s2/random_active2: 14250/15000
      classify s2/random_active3: 750/15000
      classify s2/random_active3: 1500/15000
      classify s2/random_active3: 2250/15000
      classify s2/random_active3: 3000/15000
      classify s2/random_active3: 3750/15000
      classify s2/random_active3: 4500/15000
      classify s2/random_active3: 5250/15000
      classify s2/random_active3: 6000/15000
      classify s2/random_active3: 6750/15000
      classify s2/random_active3: 7500/15000
      classify s2/random_active3: 8250/15000
      classify s2/random_active3: 9000/15000
      classify s2/random_active3: 9750/15000
      classify s2/random_active3: 10500/15000
      classify s2/random_active3: 11250/15000
      classify s2/random_active3: 12000/15000
      classify s2/random_active3: 12750/15000
      classify s2/random_active3: 13500/15000
      classify s2/random_active3: 14250/15000
      classify s2/random_active4: 750/15000
      classify s2/random_active4: 1500/15000
      classify s2/random_active4: 2250/15000
      classify s2/random_active4: 3000/15000
      classify s2/random_active4: 3750/15000
      classify s2/random_active4: 4500/15000
      classify s2/random_active4: 5250/15000
      classify s2/random_active4: 6000/15000
      classify s2/random_active4: 6750/15000
      classify s2/random_active4: 7500/15000
      classify s2/random_active4: 8250/15000
      classify s2/random_active4: 9000/15000
      classify s2/random_active4: 9750/15000
      classify s2/random_active4: 10500/15000
      classify s2/random_active4: 11250/15000
      classify s2/random_active4: 12000/15000
      classify s2/random_active4: 12750/15000
      classify s2/random_active4: 13500/15000
      classify s2/random_active4: 14250/15000

== subject 3 ==
    subject 3: train=34391 test=15000 n_keep=128
      classify s3/full: 750/15000
      classify s3/full: 1500/15000
      classify s3/full: 2250/15000
      classify s3/full: 3000/15000
      classify s3/full: 3750/15000
      classify s3/full: 4500/15000
      classify s3/full: 5250/15000
      classify s3/full: 6000/15000
      classify s3/full: 6750/15000
      classify s3/full: 7500/15000
      classify s3/full: 8250/15000
      classify s3/full: 9000/15000
      classify s3/full: 9750/15000
      classify s3/full: 10500/15000
      classify s3/full: 11250/15000
      classify s3/full: 12000/15000
      classify s3/full: 12750/15000
      classify s3/full: 13500/15000
      classify s3/full: 14250/15000
      classify s3/fisher: 750/15000
      classify s3/fisher: 1500/15000
      classify s3/fisher: 2250/15000
      classify s3/fisher: 3000/15000
      classify s3/fisher: 3750/15000
      classify s3/fisher: 4500/15000
      classify s3/fisher: 5250/15000
      classify s3/fisher: 6000/15000
      classify s3/fisher: 6750/15000
      classify s3/fisher: 7500/15000
      classify s3/fisher: 8250/15000
      classify s3/fisher: 9000/15000
      classify s3/fisher: 9750/15000
      classify s3/fisher: 10500/15000
      classify s3/fisher: 11250/15000
      classify s3/fisher: 12000/15000
      classify s3/fisher: 12750/15000
      classify s3/fisher: 13500/15000
      classify s3/fisher: 14250/15000
      classify s3/fisher: 750/15000
      classify s3/fisher: 1500/15000
      classify s3/fisher: 2250/15000
      classify s3/fisher: 3000/15000
      classify s3/fisher: 3750/15000
      classify s3/fisher: 4500/15000
      classify s3/fisher: 5250/15000
      classify s3/fisher: 6000/15000
      classify s3/fisher: 6750/15000
      classify s3/fisher: 7500/15000
      classify s3/fisher: 8250/15000
      classify s3/fisher: 9000/15000
      classify s3/fisher: 9750/15000
      classify s3/fisher: 10500/15000
      classify s3/fisher: 11250/15000
      classify s3/fisher: 12000/15000
      classify s3/fisher: 12750/15000
      classify s3/fisher: 13500/15000
      classify s3/fisher: 14250/15000
      classify s3/variance: 750/15000
      classify s3/variance: 1500/15000
      classify s3/variance: 2250/15000
      classify s3/variance: 3000/15000
      classify s3/variance: 3750/15000
      classify s3/variance: 4500/15000
      classify s3/variance: 5250/15000
      classify s3/variance: 6000/15000
      classify s3/variance: 6750/15000
      classify s3/variance: 7500/15000
      classify s3/variance: 8250/15000
      classify s3/variance: 9000/15000
      classify s3/variance: 9750/15000
      classify s3/variance: 10500/15000
      classify s3/variance: 11250/15000
      classify s3/variance: 12000/15000
      classify s3/variance: 12750/15000
      classify s3/variance: 13500/15000
      classify s3/variance: 14250/15000
      classify s3/mutual_information: 750/15000
      classify s3/mutual_information: 1500/15000
      classify s3/mutual_information: 2250/15000
      classify s3/mutual_information: 3000/15000
      classify s3/mutual_information: 3750/15000
      classify s3/mutual_information: 4500/15000
      classify s3/mutual_information: 5250/15000
      classify s3/mutual_information: 6000/15000
      classify s3/mutual_information: 6750/15000
      classify s3/mutual_information: 7500/15000
      classify s3/mutual_information: 8250/15000
      classify s3/mutual_information: 9000/15000
      classify s3/mutual_information: 9750/15000
      classify s3/mutual_information: 10500/15000
      classify s3/mutual_information: 11250/15000
      classify s3/mutual_information: 12000/15000
      classify s3/mutual_information: 12750/15000
      classify s3/mutual_information: 13500/15000
      classify s3/mutual_information: 14250/15000
      classify s3/class_mean_separation: 750/15000
      classify s3/class_mean_separation: 1500/15000
      classify s3/class_mean_separation: 2250/15000
      classify s3/class_mean_separation: 3000/15000
      classify s3/class_mean_separation: 3750/15000
      classify s3/class_mean_separation: 4500/15000
      classify s3/class_mean_separation: 5250/15000
      classify s3/class_mean_separation: 6000/15000
      classify s3/class_mean_separation: 6750/15000
      classify s3/class_mean_separation: 7500/15000
      classify s3/class_mean_separation: 8250/15000
      classify s3/class_mean_separation: 9000/15000
      classify s3/class_mean_separation: 9750/15000
      classify s3/class_mean_separation: 10500/15000
      classify s3/class_mean_separation: 11250/15000
      classify s3/class_mean_separation: 12000/15000
      classify s3/class_mean_separation: 12750/15000
      classify s3/class_mean_separation: 13500/15000
      classify s3/class_mean_separation: 14250/15000
      classify s3/prototype_disagreement: 750/15000
      classify s3/prototype_disagreement: 1500/15000
      classify s3/prototype_disagreement: 2250/15000
      classify s3/prototype_disagreement: 3000/15000
      classify s3/prototype_disagreement: 3750/15000
      classify s3/prototype_disagreement: 4500/15000
      classify s3/prototype_disagreement: 5250/15000
      classify s3/prototype_disagreement: 6000/15000
      classify s3/prototype_disagreement: 6750/15000
      classify s3/prototype_disagreement: 7500/15000
      classify s3/prototype_disagreement: 8250/15000
      classify s3/prototype_disagreement: 9000/15000
      classify s3/prototype_disagreement: 9750/15000
      classify s3/prototype_disagreement: 10500/15000
      classify s3/prototype_disagreement: 11250/15000
      classify s3/prototype_disagreement: 12000/15000
      classify s3/prototype_disagreement: 12750/15000
      classify s3/prototype_disagreement: 13500/15000
      classify s3/prototype_disagreement: 14250/15000
      classify s3/entropy: 750/15000
      classify s3/entropy: 1500/15000
      classify s3/entropy: 2250/15000
      classify s3/entropy: 3000/15000
      classify s3/entropy: 3750/15000
      classify s3/entropy: 4500/15000
      classify s3/entropy: 5250/15000
      classify s3/entropy: 6000/15000
      classify s3/entropy: 6750/15000
      classify s3/entropy: 7500/15000
      classify s3/entropy: 8250/15000
      classify s3/entropy: 9000/15000
      classify s3/entropy: 9750/15000
      classify s3/entropy: 10500/15000
      classify s3/entropy: 11250/15000
      classify s3/entropy: 12000/15000
      classify s3/entropy: 12750/15000
      classify s3/entropy: 13500/15000
      classify s3/entropy: 14250/15000
      classify s3/random_full0: 750/15000
      classify s3/random_full0: 1500/15000
      classify s3/random_full0: 2250/15000
      classify s3/random_full0: 3000/15000
      classify s3/random_full0: 3750/15000
      classify s3/random_full0: 4500/15000
      classify s3/random_full0: 5250/15000
      classify s3/random_full0: 6000/15000
      classify s3/random_full0: 6750/15000
      classify s3/random_full0: 7500/15000
      classify s3/random_full0: 8250/15000
      classify s3/random_full0: 9000/15000
      classify s3/random_full0: 9750/15000
      classify s3/random_full0: 10500/15000
      classify s3/random_full0: 11250/15000
      classify s3/random_full0: 12000/15000
      classify s3/random_full0: 12750/15000
      classify s3/random_full0: 13500/15000
      classify s3/random_full0: 14250/15000
      classify s3/random_full1: 750/15000
      classify s3/random_full1: 1500/15000
      classify s3/random_full1: 2250/15000
      classify s3/random_full1: 3000/15000
      classify s3/random_full1: 3750/15000
      classify s3/random_full1: 4500/15000
      classify s3/random_full1: 5250/15000
      classify s3/random_full1: 6000/15000
      classify s3/random_full1: 6750/15000
      classify s3/random_full1: 7500/15000
      classify s3/random_full1: 8250/15000
      classify s3/random_full1: 9000/15000
      classify s3/random_full1: 9750/15000
      classify s3/random_full1: 10500/15000
      classify s3/random_full1: 11250/15000
      classify s3/random_full1: 12000/15000
      classify s3/random_full1: 12750/15000
      classify s3/random_full1: 13500/15000
      classify s3/random_full1: 14250/15000
      classify s3/random_full2: 750/15000
      classify s3/random_full2: 1500/15000
      classify s3/random_full2: 2250/15000
      classify s3/random_full2: 3000/15000
      classify s3/random_full2: 3750/15000
      classify s3/random_full2: 4500/15000
      classify s3/random_full2: 5250/15000
      classify s3/random_full2: 6000/15000
      classify s3/random_full2: 6750/15000
      classify s3/random_full2: 7500/15000
      classify s3/random_full2: 8250/15000
      classify s3/random_full2: 9000/15000
      classify s3/random_full2: 9750/15000
      classify s3/random_full2: 10500/15000
      classify s3/random_full2: 11250/15000
      classify s3/random_full2: 12000/15000
      classify s3/random_full2: 12750/15000
      classify s3/random_full2: 13500/15000
      classify s3/random_full2: 14250/15000
      classify s3/random_full3: 750/15000
      classify s3/random_full3: 1500/15000
      classify s3/random_full3: 2250/15000
      classify s3/random_full3: 3000/15000
      classify s3/random_full3: 3750/15000
      classify s3/random_full3: 4500/15000
      classify s3/random_full3: 5250/15000
      classify s3/random_full3: 6000/15000
      classify s3/random_full3: 6750/15000
      classify s3/random_full3: 7500/15000
      classify s3/random_full3: 8250/15000
      classify s3/random_full3: 9000/15000
      classify s3/random_full3: 9750/15000
      classify s3/random_full3: 10500/15000
      classify s3/random_full3: 11250/15000
      classify s3/random_full3: 12000/15000
      classify s3/random_full3: 12750/15000
      classify s3/random_full3: 13500/15000
      classify s3/random_full3: 14250/15000
      classify s3/random_full4: 750/15000
      classify s3/random_full4: 1500/15000
      classify s3/random_full4: 2250/15000
      classify s3/random_full4: 3000/15000
      classify s3/random_full4: 3750/15000
      classify s3/random_full4: 4500/15000
      classify s3/random_full4: 5250/15000
      classify s3/random_full4: 6000/15000
      classify s3/random_full4: 6750/15000
      classify s3/random_full4: 7500/15000
      classify s3/random_full4: 8250/15000
      classify s3/random_full4: 9000/15000
      classify s3/random_full4: 9750/15000
      classify s3/random_full4: 10500/15000
      classify s3/random_full4: 11250/15000
      classify s3/random_full4: 12000/15000
      classify s3/random_full4: 12750/15000
      classify s3/random_full4: 13500/15000
      classify s3/random_full4: 14250/15000
      classify s3/random_active0: 750/15000
      classify s3/random_active0: 1500/15000
      classify s3/random_active0: 2250/15000
      classify s3/random_active0: 3000/15000
      classify s3/random_active0: 3750/15000
      classify s3/random_active0: 4500/15000
      classify s3/random_active0: 5250/15000
      classify s3/random_active0: 6000/15000
      classify s3/random_active0: 6750/15000
      classify s3/random_active0: 7500/15000
      classify s3/random_active0: 8250/15000
      classify s3/random_active0: 9000/15000
      classify s3/random_active0: 9750/15000
      classify s3/random_active0: 10500/15000
      classify s3/random_active0: 11250/15000
      classify s3/random_active0: 12000/15000
      classify s3/random_active0: 12750/15000
      classify s3/random_active0: 13500/15000
      classify s3/random_active0: 14250/15000
      classify s3/random_active1: 750/15000
      classify s3/random_active1: 1500/15000
      classify s3/random_active1: 2250/15000
      classify s3/random_active1: 3000/15000
      classify s3/random_active1: 3750/15000
      classify s3/random_active1: 4500/15000
      classify s3/random_active1: 5250/15000
      classify s3/random_active1: 6000/15000
      classify s3/random_active1: 6750/15000
      classify s3/random_active1: 7500/15000
      classify s3/random_active1: 8250/15000
      classify s3/random_active1: 9000/15000
      classify s3/random_active1: 9750/15000
      classify s3/random_active1: 10500/15000
      classify s3/random_active1: 11250/15000
      classify s3/random_active1: 12000/15000
      classify s3/random_active1: 12750/15000
      classify s3/random_active1: 13500/15000
      classify s3/random_active1: 14250/15000
      classify s3/random_active2: 750/15000
      classify s3/random_active2: 1500/15000
      classify s3/random_active2: 2250/15000
      classify s3/random_active2: 3000/15000
      classify s3/random_active2: 3750/15000
      classify s3/random_active2: 4500/15000
      classify s3/random_active2: 5250/15000
      classify s3/random_active2: 6000/15000
      classify s3/random_active2: 6750/15000
      classify s3/random_active2: 7500/15000
      classify s3/random_active2: 8250/15000
      classify s3/random_active2: 9000/15000
      classify s3/random_active2: 9750/15000
      classify s3/random_active2: 10500/15000
      classify s3/random_active2: 11250/15000
      classify s3/random_active2: 12000/15000
      classify s3/random_active2: 12750/15000
      classify s3/random_active2: 13500/15000
      classify s3/random_active2: 14250/15000
      classify s3/random_active3: 750/15000
      classify s3/random_active3: 1500/15000
      classify s3/random_active3: 2250/15000
      classify s3/random_active3: 3000/15000
      classify s3/random_active3: 3750/15000
      classify s3/random_active3: 4500/15000
      classify s3/random_active3: 5250/15000
      classify s3/random_active3: 6000/15000
      classify s3/random_active3: 6750/15000
      classify s3/random_active3: 7500/15000
      classify s3/random_active3: 8250/15000
      classify s3/random_active3: 9000/15000
      classify s3/random_active3: 9750/15000
      classify s3/random_active3: 10500/15000
      classify s3/random_active3: 11250/15000
      classify s3/random_active3: 12000/15000
      classify s3/random_active3: 12750/15000
      classify s3/random_active3: 13500/15000
      classify s3/random_active3: 14250/15000
      classify s3/random_active4: 750/15000
      classify s3/random_active4: 1500/15000
      classify s3/random_active4: 2250/15000
      classify s3/random_active4: 3000/15000
      classify s3/random_active4: 3750/15000
      classify s3/random_active4: 4500/15000
      classify s3/random_active4: 5250/15000
      classify s3/random_active4: 6000/15000
      classify s3/random_active4: 6750/15000
      classify s3/random_active4: 7500/15000
      classify s3/random_active4: 8250/15000
      classify s3/random_active4: 9000/15000
      classify s3/random_active4: 9750/15000
      classify s3/random_active4: 10500/15000
      classify s3/random_active4: 11250/15000
      classify s3/random_active4: 12000/15000
      classify s3/random_active4: 12750/15000
      classify s3/random_active4: 13500/15000
      classify s3/random_active4: 14250/15000

== subject 4 ==
    subject 4: train=33582 test=15000 n_keep=128
      classify s4/full: 750/15000
      classify s4/full: 1500/15000
      classify s4/full: 2250/15000
      classify s4/full: 3000/15000
      classify s4/full: 3750/15000
      classify s4/full: 4500/15000
      classify s4/full: 5250/15000
      classify s4/full: 6000/15000
      classify s4/full: 6750/15000
      classify s4/full: 7500/15000
      classify s4/full: 8250/15000
      classify s4/full: 9000/15000
      classify s4/full: 9750/15000
      classify s4/full: 10500/15000
      classify s4/full: 11250/15000
      classify s4/full: 12000/15000
      classify s4/full: 12750/15000
      classify s4/full: 13500/15000
      classify s4/full: 14250/15000
      classify s4/fisher: 750/15000
      classify s4/fisher: 1500/15000
      classify s4/fisher: 2250/15000
      classify s4/fisher: 3000/15000
      classify s4/fisher: 3750/15000
      classify s4/fisher: 4500/15000
      classify s4/fisher: 5250/15000
      classify s4/fisher: 6000/15000
      classify s4/fisher: 6750/15000
      classify s4/fisher: 7500/15000
      classify s4/fisher: 8250/15000
      classify s4/fisher: 9000/15000
      classify s4/fisher: 9750/15000
      classify s4/fisher: 10500/15000
      classify s4/fisher: 11250/15000
      classify s4/fisher: 12000/15000
      classify s4/fisher: 12750/15000
      classify s4/fisher: 13500/15000
      classify s4/fisher: 14250/15000
      classify s4/fisher: 750/15000
      classify s4/fisher: 1500/15000
      classify s4/fisher: 2250/15000
      classify s4/fisher: 3000/15000
      classify s4/fisher: 3750/15000
      classify s4/fisher: 4500/15000
      classify s4/fisher: 5250/15000
      classify s4/fisher: 6000/15000
      classify s4/fisher: 6750/15000
      classify s4/fisher: 7500/15000
      classify s4/fisher: 8250/15000
      classify s4/fisher: 9000/15000
      classify s4/fisher: 9750/15000
      classify s4/fisher: 10500/15000
      classify s4/fisher: 11250/15000
      classify s4/fisher: 12000/15000
      classify s4/fisher: 12750/15000
      classify s4/fisher: 13500/15000
      classify s4/fisher: 14250/15000
      classify s4/variance: 750/15000
      classify s4/variance: 1500/15000
      classify s4/variance: 2250/15000
      classify s4/variance: 3000/15000
      classify s4/variance: 3750/15000
      classify s4/variance: 4500/15000
      classify s4/variance: 5250/15000
      classify s4/variance: 6000/15000
      classify s4/variance: 6750/15000
      classify s4/variance: 7500/15000
      classify s4/variance: 8250/15000
      classify s4/variance: 9000/15000
      classify s4/variance: 9750/15000
      classify s4/variance: 10500/15000
      classify s4/variance: 11250/15000
      classify s4/variance: 12000/15000
      classify s4/variance: 12750/15000
      classify s4/variance: 13500/15000
      classify s4/variance: 14250/15000
      classify s4/mutual_information: 750/15000
      classify s4/mutual_information: 1500/15000
      classify s4/mutual_information: 2250/15000
      classify s4/mutual_information: 3000/15000
      classify s4/mutual_information: 3750/15000
      classify s4/mutual_information: 4500/15000
      classify s4/mutual_information: 5250/15000
      classify s4/mutual_information: 6000/15000
      classify s4/mutual_information: 6750/15000
      classify s4/mutual_information: 7500/15000
      classify s4/mutual_information: 8250/15000
      classify s4/mutual_information: 9000/15000
      classify s4/mutual_information: 9750/15000
      classify s4/mutual_information: 10500/15000
      classify s4/mutual_information: 11250/15000
      classify s4/mutual_information: 12000/15000
      classify s4/mutual_information: 12750/15000
      classify s4/mutual_information: 13500/15000
      classify s4/mutual_information: 14250/15000
      classify s4/class_mean_separation: 750/15000
      classify s4/class_mean_separation: 1500/15000
      classify s4/class_mean_separation: 2250/15000
      classify s4/class_mean_separation: 3000/15000
      classify s4/class_mean_separation: 3750/15000
      classify s4/class_mean_separation: 4500/15000
      classify s4/class_mean_separation: 5250/15000
      classify s4/class_mean_separation: 6000/15000
      classify s4/class_mean_separation: 6750/15000
      classify s4/class_mean_separation: 7500/15000
      classify s4/class_mean_separation: 8250/15000
      classify s4/class_mean_separation: 9000/15000
      classify s4/class_mean_separation: 9750/15000
      classify s4/class_mean_separation: 10500/15000
      classify s4/class_mean_separation: 11250/15000
      classify s4/class_mean_separation: 12000/15000
      classify s4/class_mean_separation: 12750/15000
      classify s4/class_mean_separation: 13500/15000
      classify s4/class_mean_separation: 14250/15000
      classify s4/prototype_disagreement: 750/15000
      classify s4/prototype_disagreement: 1500/15000
      classify s4/prototype_disagreement: 2250/15000
      classify s4/prototype_disagreement: 3000/15000
      classify s4/prototype_disagreement: 3750/15000
      classify s4/prototype_disagreement: 4500/15000
      classify s4/prototype_disagreement: 5250/15000
      classify s4/prototype_disagreement: 6000/15000
      classify s4/prototype_disagreement: 6750/15000
      classify s4/prototype_disagreement: 7500/15000
      classify s4/prototype_disagreement: 8250/15000
      classify s4/prototype_disagreement: 9000/15000
      classify s4/prototype_disagreement: 9750/15000
      classify s4/prototype_disagreement: 10500/15000
      classify s4/prototype_disagreement: 11250/15000
      classify s4/prototype_disagreement: 12000/15000
      classify s4/prototype_disagreement: 12750/15000
      classify s4/prototype_disagreement: 13500/15000
      classify s4/prototype_disagreement: 14250/15000
      classify s4/entropy: 750/15000
      classify s4/entropy: 1500/15000
      classify s4/entropy: 2250/15000
      classify s4/entropy: 3000/15000
      classify s4/entropy: 3750/15000
      classify s4/entropy: 4500/15000
      classify s4/entropy: 5250/15000
      classify s4/entropy: 6000/15000
      classify s4/entropy: 6750/15000
      classify s4/entropy: 7500/15000
      classify s4/entropy: 8250/15000
      classify s4/entropy: 9000/15000
      classify s4/entropy: 9750/15000
      classify s4/entropy: 10500/15000
      classify s4/entropy: 11250/15000
      classify s4/entropy: 12000/15000
      classify s4/entropy: 12750/15000
      classify s4/entropy: 13500/15000
      classify s4/entropy: 14250/15000
      classify s4/random_full0: 750/15000
      classify s4/random_full0: 1500/15000
      classify s4/random_full0: 2250/15000
      classify s4/random_full0: 3000/15000
      classify s4/random_full0: 3750/15000
      classify s4/random_full0: 4500/15000
      classify s4/random_full0: 5250/15000
      classify s4/random_full0: 6000/15000
      classify s4/random_full0: 6750/15000
      classify s4/random_full0: 7500/15000
      classify s4/random_full0: 8250/15000
      classify s4/random_full0: 9000/15000
      classify s4/random_full0: 9750/15000
      classify s4/random_full0: 10500/15000
      classify s4/random_full0: 11250/15000
      classify s4/random_full0: 12000/15000
      classify s4/random_full0: 12750/15000
      classify s4/random_full0: 13500/15000
      classify s4/random_full0: 14250/15000
      classify s4/random_full1: 750/15000
      classify s4/random_full1: 1500/15000
      classify s4/random_full1: 2250/15000
      classify s4/random_full1: 3000/15000
      classify s4/random_full1: 3750/15000
      classify s4/random_full1: 4500/15000
      classify s4/random_full1: 5250/15000
      classify s4/random_full1: 6000/15000
      classify s4/random_full1: 6750/15000
      classify s4/random_full1: 7500/15000
      classify s4/random_full1: 8250/15000
      classify s4/random_full1: 9000/15000
      classify s4/random_full1: 9750/15000
      classify s4/random_full1: 10500/15000
      classify s4/random_full1: 11250/15000
      classify s4/random_full1: 12000/15000
      classify s4/random_full1: 12750/15000
      classify s4/random_full1: 13500/15000
      classify s4/random_full1: 14250/15000
      classify s4/random_full2: 750/15000
      classify s4/random_full2: 1500/15000
      classify s4/random_full2: 2250/15000
      classify s4/random_full2: 3000/15000
      classify s4/random_full2: 3750/15000
      classify s4/random_full2: 4500/15000
      classify s4/random_full2: 5250/15000
      classify s4/random_full2: 6000/15000
      classify s4/random_full2: 6750/15000
      classify s4/random_full2: 7500/15000
      classify s4/random_full2: 8250/15000
      classify s4/random_full2: 9000/15000
      classify s4/random_full2: 9750/15000
      classify s4/random_full2: 10500/15000
      classify s4/random_full2: 11250/15000
      classify s4/random_full2: 12000/15000
      classify s4/random_full2: 12750/15000
      classify s4/random_full2: 13500/15000
      classify s4/random_full2: 14250/15000
      classify s4/random_full3: 750/15000
      classify s4/random_full3: 1500/15000
      classify s4/random_full3: 2250/15000
      classify s4/random_full3: 3000/15000
      classify s4/random_full3: 3750/15000
      classify s4/random_full3: 4500/15000
      classify s4/random_full3: 5250/15000
      classify s4/random_full3: 6000/15000
      classify s4/random_full3: 6750/15000
      classify s4/random_full3: 7500/15000
      classify s4/random_full3: 8250/15000
      classify s4/random_full3: 9000/15000
      classify s4/random_full3: 9750/15000
      classify s4/random_full3: 10500/15000
      classify s4/random_full3: 11250/15000
      classify s4/random_full3: 12000/15000
      classify s4/random_full3: 12750/15000
      classify s4/random_full3: 13500/15000
      classify s4/random_full3: 14250/15000
      classify s4/random_full4: 750/15000
      classify s4/random_full4: 1500/15000
      classify s4/random_full4: 2250/15000
      classify s4/random_full4: 3000/15000
      classify s4/random_full4: 3750/15000
      classify s4/random_full4: 4500/15000
      classify s4/random_full4: 5250/15000
      classify s4/random_full4: 6000/15000
      classify s4/random_full4: 6750/15000
      classify s4/random_full4: 7500/15000
      classify s4/random_full4: 8250/15000
      classify s4/random_full4: 9000/15000
      classify s4/random_full4: 9750/15000
      classify s4/random_full4: 10500/15000
      classify s4/random_full4: 11250/15000
      classify s4/random_full4: 12000/15000
      classify s4/random_full4: 12750/15000
      classify s4/random_full4: 13500/15000
      classify s4/random_full4: 14250/15000
      classify s4/random_active0: 750/15000
      classify s4/random_active0: 1500/15000
      classify s4/random_active0: 2250/15000
      classify s4/random_active0: 3000/15000
      classify s4/random_active0: 3750/15000
      classify s4/random_active0: 4500/15000
      classify s4/random_active0: 5250/15000
      classify s4/random_active0: 6000/15000
      classify s4/random_active0: 6750/15000
      classify s4/random_active0: 7500/15000
      classify s4/random_active0: 8250/15000
      classify s4/random_active0: 9000/15000
      classify s4/random_active0: 9750/15000
      classify s4/random_active0: 10500/15000
      classify s4/random_active0: 11250/15000
      classify s4/random_active0: 12000/15000
      classify s4/random_active0: 12750/15000
      classify s4/random_active0: 13500/15000
      classify s4/random_active0: 14250/15000
      classify s4/random_active1: 750/15000
      classify s4/random_active1: 1500/15000
      classify s4/random_active1: 2250/15000
      classify s4/random_active1: 3000/15000
      classify s4/random_active1: 3750/15000
      classify s4/random_active1: 4500/15000
      classify s4/random_active1: 5250/15000
      classify s4/random_active1: 6000/15000
      classify s4/random_active1: 6750/15000
      classify s4/random_active1: 7500/15000
      classify s4/random_active1: 8250/15000
      classify s4/random_active1: 9000/15000
      classify s4/random_active1: 9750/15000
      classify s4/random_active1: 10500/15000
      classify s4/random_active1: 11250/15000
      classify s4/random_active1: 12000/15000
      classify s4/random_active1: 12750/15000
      classify s4/random_active1: 13500/15000
      classify s4/random_active1: 14250/15000
      classify s4/random_active2: 750/15000
      classify s4/random_active2: 1500/15000
      classify s4/random_active2: 2250/15000
      classify s4/random_active2: 3000/15000
      classify s4/random_active2: 3750/15000
      classify s4/random_active2: 4500/15000
      classify s4/random_active2: 5250/15000
      classify s4/random_active2: 6000/15000
      classify s4/random_active2: 6750/15000
      classify s4/random_active2: 7500/15000
      classify s4/random_active2: 8250/15000
      classify s4/random_active2: 9000/15000
      classify s4/random_active2: 9750/15000
      classify s4/random_active2: 10500/15000
      classify s4/random_active2: 11250/15000
      classify s4/random_active2: 12000/15000
      classify s4/random_active2: 12750/15000
      classify s4/random_active2: 13500/15000
      classify s4/random_active2: 14250/15000
      classify s4/random_active3: 750/15000
      classify s4/random_active3: 1500/15000
      classify s4/random_active3: 2250/15000
      classify s4/random_active3: 3000/15000
      classify s4/random_active3: 3750/15000
      classify s4/random_active3: 4500/15000
      classify s4/random_active3: 5250/15000
      classify s4/random_active3: 6000/15000
      classify s4/random_active3: 6750/15000
      classify s4/random_active3: 7500/15000
      classify s4/random_active3: 8250/15000
      classify s4/random_active3: 9000/15000
      classify s4/random_active3: 9750/15000
      classify s4/random_active3: 10500/15000
      classify s4/random_active3: 11250/15000
      classify s4/random_active3: 12000/15000
      classify s4/random_active3: 12750/15000
      classify s4/random_active3: 13500/15000
      classify s4/random_active3: 14250/15000
      classify s4/random_active4: 750/15000
      classify s4/random_active4: 1500/15000
      classify s4/random_active4: 2250/15000
      classify s4/random_active4: 3000/15000
      classify s4/random_active4: 3750/15000
      classify s4/random_active4: 4500/15000
      classify s4/random_active4: 5250/15000
      classify s4/random_active4: 6000/15000
      classify s4/random_active4: 6750/15000
      classify s4/random_active4: 7500/15000
      classify s4/random_active4: 8250/15000
      classify s4/random_active4: 9000/15000
      classify s4/random_active4: 9750/15000
      classify s4/random_active4: 10500/15000
      classify s4/random_active4: 11250/15000
      classify s4/random_active4: 12000/15000
      classify s4/random_active4: 12750/15000
      classify s4/random_active4: 13500/15000
      classify s4/random_active4: 14250/15000

== subject 5 ==
    subject 5: train=24531 test=15000 n_keep=128
      classify s5/full: 750/15000
      classify s5/full: 1500/15000
      classify s5/full: 2250/15000
      classify s5/full: 3000/15000
      classify s5/full: 3750/15000
      classify s5/full: 4500/15000
      classify s5/full: 5250/15000
      classify s5/full: 6000/15000
      classify s5/full: 6750/15000
      classify s5/full: 7500/15000
      classify s5/full: 8250/15000
      classify s5/full: 9000/15000
      classify s5/full: 9750/15000
      classify s5/full: 10500/15000
      classify s5/full: 11250/15000
      classify s5/full: 12000/15000
      classify s5/full: 12750/15000
      classify s5/full: 13500/15000
      classify s5/full: 14250/15000
      classify s5/fisher: 750/15000
      classify s5/fisher: 1500/15000
      classify s5/fisher: 2250/15000
      classify s5/fisher: 3000/15000
      classify s5/fisher: 3750/15000
      classify s5/fisher: 4500/15000
      classify s5/fisher: 5250/15000
      classify s5/fisher: 6000/15000
      classify s5/fisher: 6750/15000
      classify s5/fisher: 7500/15000
      classify s5/fisher: 8250/15000
      classify s5/fisher: 9000/15000
      classify s5/fisher: 9750/15000
      classify s5/fisher: 10500/15000
      classify s5/fisher: 11250/15000
      classify s5/fisher: 12000/15000
      classify s5/fisher: 12750/15000
      classify s5/fisher: 13500/15000
      classify s5/fisher: 14250/15000
      classify s5/fisher: 750/15000
      classify s5/fisher: 1500/15000
      classify s5/fisher: 2250/15000
      classify s5/fisher: 3000/15000
      classify s5/fisher: 3750/15000
      classify s5/fisher: 4500/15000
      classify s5/fisher: 5250/15000
      classify s5/fisher: 6000/15000
      classify s5/fisher: 6750/15000
      classify s5/fisher: 7500/15000
      classify s5/fisher: 8250/15000
      classify s5/fisher: 9000/15000
      classify s5/fisher: 9750/15000
      classify s5/fisher: 10500/15000
      classify s5/fisher: 11250/15000
      classify s5/fisher: 12000/15000
      classify s5/fisher: 12750/15000
      classify s5/fisher: 13500/15000
      classify s5/fisher: 14250/15000
      classify s5/variance: 750/15000
      classify s5/variance: 1500/15000
      classify s5/variance: 2250/15000
      classify s5/variance: 3000/15000
      classify s5/variance: 3750/15000
      classify s5/variance: 4500/15000
      classify s5/variance: 5250/15000
      classify s5/variance: 6000/15000
      classify s5/variance: 6750/15000
      classify s5/variance: 7500/15000
      classify s5/variance: 8250/15000
      classify s5/variance: 9000/15000
      classify s5/variance: 9750/15000
      classify s5/variance: 10500/15000
      classify s5/variance: 11250/15000
      classify s5/variance: 12000/15000
      classify s5/variance: 12750/15000
      classify s5/variance: 13500/15000
      classify s5/variance: 14250/15000
      classify s5/mutual_information: 750/15000
      classify s5/mutual_information: 1500/15000
      classify s5/mutual_information: 2250/15000
      classify s5/mutual_information: 3000/15000
      classify s5/mutual_information: 3750/15000
      classify s5/mutual_information: 4500/15000
      classify s5/mutual_information: 5250/15000
      classify s5/mutual_information: 6000/15000
      classify s5/mutual_information: 6750/15000
      classify s5/mutual_information: 7500/15000
      classify s5/mutual_information: 8250/15000
      classify s5/mutual_information: 9000/15000
      classify s5/mutual_information: 9750/15000
      classify s5/mutual_information: 10500/15000
      classify s5/mutual_information: 11250/15000
      classify s5/mutual_information: 12000/15000
      classify s5/mutual_information: 12750/15000
      classify s5/mutual_information: 13500/15000
      classify s5/mutual_information: 14250/15000
      classify s5/class_mean_separation: 750/15000
      classify s5/class_mean_separation: 1500/15000
      classify s5/class_mean_separation: 2250/15000
      classify s5/class_mean_separation: 3000/15000
      classify s5/class_mean_separation: 3750/15000
      classify s5/class_mean_separation: 4500/15000
      classify s5/class_mean_separation: 5250/15000
      classify s5/class_mean_separation: 6000/15000
      classify s5/class_mean_separation: 6750/15000
      classify s5/class_mean_separation: 7500/15000
      classify s5/class_mean_separation: 8250/15000
      classify s5/class_mean_separation: 9000/15000
      classify s5/class_mean_separation: 9750/15000
      classify s5/class_mean_separation: 10500/15000
      classify s5/class_mean_separation: 11250/15000
      classify s5/class_mean_separation: 12000/15000
      classify s5/class_mean_separation: 12750/15000
      classify s5/class_mean_separation: 13500/15000
      classify s5/class_mean_separation: 14250/15000
      classify s5/prototype_disagreement: 750/15000
      classify s5/prototype_disagreement: 1500/15000
      classify s5/prototype_disagreement: 2250/15000
      classify s5/prototype_disagreement: 3000/15000
      classify s5/prototype_disagreement: 3750/15000
      classify s5/prototype_disagreement: 4500/15000
      classify s5/prototype_disagreement: 5250/15000
      classify s5/prototype_disagreement: 6000/15000
      classify s5/prototype_disagreement: 6750/15000
      classify s5/prototype_disagreement: 7500/15000
      classify s5/prototype_disagreement: 8250/15000
      classify s5/prototype_disagreement: 9000/15000
      classify s5/prototype_disagreement: 9750/15000
      classify s5/prototype_disagreement: 10500/15000
      classify s5/prototype_disagreement: 11250/15000
      classify s5/prototype_disagreement: 12000/15000
      classify s5/prototype_disagreement: 12750/15000
      classify s5/prototype_disagreement: 13500/15000
      classify s5/prototype_disagreement: 14250/15000
      classify s5/entropy: 750/15000
      classify s5/entropy: 1500/15000
      classify s5/entropy: 2250/15000
      classify s5/entropy: 3000/15000
      classify s5/entropy: 3750/15000
      classify s5/entropy: 4500/15000
      classify s5/entropy: 5250/15000
      classify s5/entropy: 6000/15000
      classify s5/entropy: 6750/15000
      classify s5/entropy: 7500/15000
      classify s5/entropy: 8250/15000
      classify s5/entropy: 9000/15000
      classify s5/entropy: 9750/15000
      classify s5/entropy: 10500/15000
      classify s5/entropy: 11250/15000
      classify s5/entropy: 12000/15000
      classify s5/entropy: 12750/15000
      classify s5/entropy: 13500/15000
      classify s5/entropy: 14250/15000
      classify s5/random_full0: 750/15000
      classify s5/random_full0: 1500/15000
      classify s5/random_full0: 2250/15000
      classify s5/random_full0: 3000/15000
      classify s5/random_full0: 3750/15000
      classify s5/random_full0: 4500/15000
      classify s5/random_full0: 5250/15000
      classify s5/random_full0: 6000/15000
      classify s5/random_full0: 6750/15000
      classify s5/random_full0: 7500/15000
      classify s5/random_full0: 8250/15000
      classify s5/random_full0: 9000/15000
      classify s5/random_full0: 9750/15000
      classify s5/random_full0: 10500/15000
      classify s5/random_full0: 11250/15000
      classify s5/random_full0: 12000/15000
      classify s5/random_full0: 12750/15000
      classify s5/random_full0: 13500/15000
      classify s5/random_full0: 14250/15000
      classify s5/random_full1: 750/15000
      classify s5/random_full1: 1500/15000
      classify s5/random_full1: 2250/15000
      classify s5/random_full1: 3000/15000
      classify s5/random_full1: 3750/15000
      classify s5/random_full1: 4500/15000
      classify s5/random_full1: 5250/15000
      classify s5/random_full1: 6000/15000
      classify s5/random_full1: 6750/15000
      classify s5/random_full1: 7500/15000
      classify s5/random_full1: 8250/15000
      classify s5/random_full1: 9000/15000
      classify s5/random_full1: 9750/15000
      classify s5/random_full1: 10500/15000
      classify s5/random_full1: 11250/15000
      classify s5/random_full1: 12000/15000
      classify s5/random_full1: 12750/15000
      classify s5/random_full1: 13500/15000
      classify s5/random_full1: 14250/15000
      classify s5/random_full2: 750/15000
      classify s5/random_full2: 1500/15000
      classify s5/random_full2: 2250/15000
      classify s5/random_full2: 3000/15000
      classify s5/random_full2: 3750/15000
      classify s5/random_full2: 4500/15000
      classify s5/random_full2: 5250/15000
      classify s5/random_full2: 6000/15000
      classify s5/random_full2: 6750/15000
      classify s5/random_full2: 7500/15000
      classify s5/random_full2: 8250/15000
      classify s5/random_full2: 9000/15000
      classify s5/random_full2: 9750/15000
      classify s5/random_full2: 10500/15000
      classify s5/random_full2: 11250/15000
      classify s5/random_full2: 12000/15000
      classify s5/random_full2: 12750/15000
      classify s5/random_full2: 13500/15000
      classify s5/random_full2: 14250/15000
      classify s5/random_full3: 750/15000
      classify s5/random_full3: 1500/15000
      classify s5/random_full3: 2250/15000
      classify s5/random_full3: 3000/15000
      classify s5/random_full3: 3750/15000
      classify s5/random_full3: 4500/15000
      classify s5/random_full3: 5250/15000
      classify s5/random_full3: 6000/15000
      classify s5/random_full3: 6750/15000
      classify s5/random_full3: 7500/15000
      classify s5/random_full3: 8250/15000
      classify s5/random_full3: 9000/15000
      classify s5/random_full3: 9750/15000
      classify s5/random_full3: 10500/15000
      classify s5/random_full3: 11250/15000
      classify s5/random_full3: 12000/15000
      classify s5/random_full3: 12750/15000
      classify s5/random_full3: 13500/15000
      classify s5/random_full3: 14250/15000
      classify s5/random_full4: 750/15000
      classify s5/random_full4: 1500/15000
      classify s5/random_full4: 2250/15000
      classify s5/random_full4: 3000/15000
      classify s5/random_full4: 3750/15000
      classify s5/random_full4: 4500/15000
      classify s5/random_full4: 5250/15000
      classify s5/random_full4: 6000/15000
      classify s5/random_full4: 6750/15000
      classify s5/random_full4: 7500/15000
      classify s5/random_full4: 8250/15000
      classify s5/random_full4: 9000/15000
      classify s5/random_full4: 9750/15000
      classify s5/random_full4: 10500/15000
      classify s5/random_full4: 11250/15000
      classify s5/random_full4: 12000/15000
      classify s5/random_full4: 12750/15000
      classify s5/random_full4: 13500/15000
      classify s5/random_full4: 14250/15000
      classify s5/random_active0: 750/15000
      classify s5/random_active0: 1500/15000
      classify s5/random_active0: 2250/15000
      classify s5/random_active0: 3000/15000
      classify s5/random_active0: 3750/15000
      classify s5/random_active0: 4500/15000
      classify s5/random_active0: 5250/15000
      classify s5/random_active0: 6000/15000
      classify s5/random_active0: 6750/15000
      classify s5/random_active0: 7500/15000
      classify s5/random_active0: 8250/15000
      classify s5/random_active0: 9000/15000
      classify s5/random_active0: 9750/15000
      classify s5/random_active0: 10500/15000
      classify s5/random_active0: 11250/15000
      classify s5/random_active0: 12000/15000
      classify s5/random_active0: 12750/15000
      classify s5/random_active0: 13500/15000
      classify s5/random_active0: 14250/15000
      classify s5/random_active1: 750/15000
      classify s5/random_active1: 1500/15000
      classify s5/random_active1: 2250/15000
      classify s5/random_active1: 3000/15000
      classify s5/random_active1: 3750/15000
      classify s5/random_active1: 4500/15000
      classify s5/random_active1: 5250/15000
      classify s5/random_active1: 6000/15000
      classify s5/random_active1: 6750/15000
      classify s5/random_active1: 7500/15000
      classify s5/random_active1: 8250/15000
      classify s5/random_active1: 9000/15000
      classify s5/random_active1: 9750/15000
      classify s5/random_active1: 10500/15000
      classify s5/random_active1: 11250/15000
      classify s5/random_active1: 12000/15000
      classify s5/random_active1: 12750/15000
      classify s5/random_active1: 13500/15000
      classify s5/random_active1: 14250/15000
      classify s5/random_active2: 750/15000
      classify s5/random_active2: 1500/15000
      classify s5/random_active2: 2250/15000
      classify s5/random_active2: 3000/15000
      classify s5/random_active2: 3750/15000
      classify s5/random_active2: 4500/15000
      classify s5/random_active2: 5250/15000
      classify s5/random_active2: 6000/15000
      classify s5/random_active2: 6750/15000
      classify s5/random_active2: 7500/15000
      classify s5/random_active2: 8250/15000
      classify s5/random_active2: 9000/15000
      classify s5/random_active2: 9750/15000
      classify s5/random_active2: 10500/15000
      classify s5/random_active2: 11250/15000
      classify s5/random_active2: 12000/15000
      classify s5/random_active2: 12750/15000
      classify s5/random_active2: 13500/15000
      classify s5/random_active2: 14250/15000
      classify s5/random_active3: 750/15000
      classify s5/random_active3: 1500/15000
      classify s5/random_active3: 2250/15000
      classify s5/random_active3: 3000/15000
      classify s5/random_active3: 3750/15000
      classify s5/random_active3: 4500/15000
      classify s5/random_active3: 5250/15000
      classify s5/random_active3: 6000/15000
      classify s5/random_active3: 6750/15000
      classify s5/random_active3: 7500/15000
      classify s5/random_active3: 8250/15000
      classify s5/random_active3: 9000/15000
      classify s5/random_active3: 9750/15000
      classify s5/random_active3: 10500/15000
      classify s5/random_active3: 11250/15000
      classify s5/random_active3: 12000/15000
      classify s5/random_active3: 12750/15000
      classify s5/random_active3: 13500/15000
      classify s5/random_active3: 14250/15000
      classify s5/random_active4: 750/15000
      classify s5/random_active4: 1500/15000
      classify s5/random_active4: 2250/15000
      classify s5/random_active4: 3000/15000
      classify s5/random_active4: 3750/15000
      classify s5/random_active4: 4500/15000
      classify s5/random_active4: 5250/15000
      classify s5/random_active4: 6000/15000
      classify s5/random_active4: 6750/15000
      classify s5/random_active4: 7500/15000
      classify s5/random_active4: 8250/15000
      classify s5/random_active4: 9000/15000
      classify s5/random_active4: 9750/15000
      classify s5/random_active4: 10500/15000
      classify s5/random_active4: 11250/15000
      classify s5/random_active4: 12000/15000
      classify s5/random_active4: 12750/15000
      classify s5/random_active4: 13500/15000
      classify s5/random_active4: 14250/15000

======================================================================
Done in 54.6s  active_support≈335
Jaccard vs Fisher range: 0.063 – 0.755
  mutual_information           acc=92.77% gap_vs_fisher=+2.29pp
  class_mean_separation        acc=92.40% gap_vs_fisher=+1.92pp
  variance                     acc=91.76% gap_vs_fisher=+1.28pp
  entropy                      acc=91.76% gap_vs_fisher=+1.28pp
  fisher                       acc=90.48% gap_vs_fisher=+0.00pp
  prototype_disagreement       acc=89.91% gap_vs_fisher=-0.56pp
  random_active                acc=88.72% gap_vs_fisher=-1.76pp
  random_full                  acc=83.75% gap_vs_fisher=-6.73pp
Wrote /home/bsp-lab/1024-HDC/results/protocol_v2/twist1_stage_b/ranking_baselines_results.json
======================================================================
