======================================================================
Twist 2 — cross-subject mask transfer
  train=[1, 2, 3, 4, 5, 6, 7, 8, 9, 10, 11, 12, 13, 14, 15, 16, 17, 18]  test=[19, 20, 21, 22, 23, 24, 25, 26, 27, 28, 29, 30, 31, 32, 33, 34, 35, 36]
  D=1024  CNT_W=6  keep=0.5
  dataset=/home/bsp-lab/1024-HDC/python_ref/HDC-EMG/dataset_36.mat
  max_train=all  max_test=all
======================================================================

== encode subject 1 ==
    train=28505 test=114027
      encode s1/train: 1425/28505
      encode s1/train: 2850/28505
      encode s1/train: 4275/28505
      encode s1/train: 5700/28505
      encode s1/train: 7125/28505
      encode s1/train: 8550/28505
      encode s1/train: 9975/28505
      encode s1/train: 11400/28505
      encode s1/train: 12825/28505
      encode s1/train: 14250/28505
      encode s1/train: 15675/28505
      encode s1/train: 17100/28505
      encode s1/train: 18525/28505
      encode s1/train: 19950/28505
      encode s1/train: 21375/28505
      encode s1/train: 22800/28505
      encode s1/train: 24225/28505
      encode s1/train: 25650/28505
      encode s1/train: 27075/28505
      encode s1/train: 28500/28505
      encode s1/test: 5701/114027
      encode s1/test: 11402/114027
      encode s1/test: 17103/114027
      encode s1/test: 22804/114027
      encode s1/test: 28505/114027
      encode s1/test: 34206/114027
      encode s1/test: 39907/114027
      encode s1/test: 45608/114027
      encode s1/test: 51309/114027
      encode s1/test: 57010/114027
      encode s1/test: 62711/114027
      encode s1/test: 68412/114027
      encode s1/test: 74113/114027
      encode s1/test: 79814/114027
      encode s1/test: 85515/114027
      encode s1/test: 91216/114027
      encode s1/test: 96917/114027
      encode s1/test: 102618/114027
      encode s1/test: 108319/114027
      encode s1/test: 114020/114027

== encode subject 2 ==
    train=32262 test=129054
      encode s2/train: 1613/32262
      encode s2/train: 3226/32262
      encode s2/train: 4839/32262
      encode s2/train: 6452/32262
      encode s2/train: 8065/32262
      encode s2/train: 9678/32262
      encode s2/train: 11291/32262
      encode s2/train: 12904/32262
      encode s2/train: 14517/32262
      encode s2/train: 16130/32262
      encode s2/train: 17743/32262
      encode s2/train: 19356/32262
      encode s2/train: 20969/32262
      encode s2/train: 22582/32262
      encode s2/train: 24195/32262
      encode s2/train: 25808/32262
      encode s2/train: 27421/32262
      encode s2/train: 29034/32262
      encode s2/train: 30647/32262
      encode s2/train: 32260/32262
      encode s2/test: 6452/129054
      encode s2/test: 12904/129054
      encode s2/test: 19356/129054
      encode s2/test: 25808/129054
      encode s2/test: 32260/129054
      encode s2/test: 38712/129054
      encode s2/test: 45164/129054
      encode s2/test: 51616/129054
      encode s2/test: 58068/129054
      encode s2/test: 64520/129054
      encode s2/test: 70972/129054
      encode s2/test: 77424/129054
      encode s2/test: 83876/129054
      encode s2/test: 90328/129054
      encode s2/test: 96780/129054
      encode s2/test: 103232/129054
      encode s2/test: 109684/129054
      encode s2/test: 116136/129054
      encode s2/test: 122588/129054
      encode s2/test: 129040/129054

== encode subject 3 ==
    train=24923 test=99699
      encode s3/train: 1246/24923
      encode s3/train: 2492/24923
      encode s3/train: 3738/24923
      encode s3/train: 4984/24923
      encode s3/train: 6230/24923
      encode s3/train: 7476/24923
      encode s3/train: 8722/24923
      encode s3/train: 9968/24923
      encode s3/train: 11214/24923
      encode s3/train: 12460/24923
      encode s3/train: 13706/24923
      encode s3/train: 14952/24923
      encode s3/train: 16198/24923
      encode s3/train: 17444/24923
      encode s3/train: 18690/24923
      encode s3/train: 19936/24923
      encode s3/train: 21182/24923
      encode s3/train: 22428/24923
      encode s3/train: 23674/24923
      encode s3/train: 24920/24923
      encode s3/test: 4984/99699
      encode s3/test: 9968/99699
      encode s3/test: 14952/99699
      encode s3/test: 19936/99699
      encode s3/test: 24920/99699
      encode s3/test: 29904/99699
      encode s3/test: 34888/99699
      encode s3/test: 39872/99699
      encode s3/test: 44856/99699
      encode s3/test: 49840/99699
      encode s3/test: 54824/99699
      encode s3/test: 59808/99699
      encode s3/test: 64792/99699
      encode s3/test: 69776/99699
      encode s3/test: 74760/99699
      encode s3/test: 79744/99699
      encode s3/test: 84728/99699
      encode s3/test: 89712/99699
      encode s3/test: 94696/99699
      encode s3/test: 99680/99699

== encode subject 4 ==
    train=26782 test=107138
      encode s4/train: 1339/26782
      encode s4/train: 2678/26782
      encode s4/train: 4017/26782
      encode s4/train: 5356/26782
      encode s4/train: 6695/26782
      encode s4/train: 8034/26782
      encode s4/train: 9373/26782
      encode s4/train: 10712/26782
      encode s4/train: 12051/26782
      encode s4/train: 13390/26782
      encode s4/train: 14729/26782
      encode s4/train: 16068/26782
      encode s4/train: 17407/26782
      encode s4/train: 18746/26782
      encode s4/train: 20085/26782
      encode s4/train: 21424/26782
      encode s4/train: 22763/26782
      encode s4/train: 24102/26782
      encode s4/train: 25441/26782
      encode s4/train: 26780/26782
      encode s4/test: 5356/107138
      encode s4/test: 10712/107138
      encode s4/test: 16068/107138
      encode s4/test: 21424/107138
      encode s4/test: 26780/107138
      encode s4/test: 32136/107138
      encode s4/test: 37492/107138
      encode s4/test: 42848/107138
      encode s4/test: 48204/107138
      encode s4/test: 53560/107138
      encode s4/test: 58916/107138
      encode s4/test: 64272/107138
      encode s4/test: 69628/107138
      encode s4/test: 74984/107138
      encode s4/test: 80340/107138
      encode s4/test: 85696/107138
      encode s4/test: 91052/107138
      encode s4/test: 96408/107138
      encode s4/test: 101764/107138
      encode s4/test: 107120/107138

== encode subject 5 ==
    train=25264 test=101065
      encode s5/train: 1263/25264
      encode s5/train: 2526/25264
      encode s5/train: 3789/25264
      encode s5/train: 5052/25264
      encode s5/train: 6315/25264
      encode s5/train: 7578/25264
      encode s5/train: 8841/25264
      encode s5/train: 10104/25264
      encode s5/train: 11367/25264
      encode s5/train: 12630/25264
      encode s5/train: 13893/25264
      encode s5/train: 15156/25264
      encode s5/train: 16419/25264
      encode s5/train: 17682/25264
      encode s5/train: 18945/25264
      encode s5/train: 20208/25264
      encode s5/train: 21471/25264
      encode s5/train: 22734/25264
      encode s5/train: 23997/25264
      encode s5/train: 25260/25264
      encode s5/test: 5053/101065
      encode s5/test: 10106/101065
      encode s5/test: 15159/101065
      encode s5/test: 20212/101065
      encode s5/test: 25265/101065
      encode s5/test: 30318/101065
      encode s5/test: 35371/101065
      encode s5/test: 40424/101065
      encode s5/test: 45477/101065
      encode s5/test: 50530/101065
      encode s5/test: 55583/101065
      encode s5/test: 60636/101065
      encode s5/test: 65689/101065
      encode s5/test: 70742/101065
      encode s5/test: 75795/101065
      encode s5/test: 80848/101065
      encode s5/test: 85901/101065
      encode s5/test: 90954/101065
      encode s5/test: 96007/101065
      encode s5/test: 101060/101065

== encode subject 6 ==
    train=23405 test=93630
      encode s6/train: 1170/23405
      encode s6/train: 2340/23405
      encode s6/train: 3510/23405
      encode s6/train: 4680/23405
      encode s6/train: 5850/23405
      encode s6/train: 7020/23405
      encode s6/train: 8190/23405
      encode s6/train: 9360/23405
      encode s6/train: 10530/23405
      encode s6/train: 11700/23405
      encode s6/train: 12870/23405
      encode s6/train: 14040/23405
      encode s6/train: 15210/23405
      encode s6/train: 16380/23405
      encode s6/train: 17550/23405
      encode s6/train: 18720/23405
      encode s6/train: 19890/23405
      encode s6/train: 21060/23405
      encode s6/train: 22230/23405
      encode s6/train: 23400/23405
      encode s6/test: 4681/93630
      encode s6/test: 9362/93630
      encode s6/test: 14043/93630
      encode s6/test: 18724/93630
      encode s6/test: 23405/93630
      encode s6/test: 28086/93630
      encode s6/test: 32767/93630
      encode s6/test: 37448/93630
      encode s6/test: 42129/93630
      encode s6/test: 46810/93630
      encode s6/test: 51491/93630
      encode s6/test: 56172/93630
      encode s6/test: 60853/93630
      encode s6/test: 65534/93630
      encode s6/test: 70215/93630
      encode s6/test: 74896/93630
      encode s6/test: 79577/93630
      encode s6/test: 84258/93630
      encode s6/test: 88939/93630
      encode s6/test: 93620/93630

== encode subject 7 ==
    train=30881 test=123535
      encode s7/train: 1544/30881
      encode s7/train: 3088/30881
      encode s7/train: 4632/30881
      encode s7/train: 6176/30881
      encode s7/train: 7720/30881
      encode s7/train: 9264/30881
      encode s7/train: 10808/30881
      encode s7/train: 12352/30881
      encode s7/train: 13896/30881
      encode s7/train: 15440/30881
      encode s7/train: 16984/30881
      encode s7/train: 18528/30881
      encode s7/train: 20072/30881
      encode s7/train: 21616/30881
      encode s7/train: 23160/30881
      encode s7/train: 24704/30881
      encode s7/train: 26248/30881
      encode s7/train: 27792/30881
      encode s7/train: 29336/30881
      encode s7/train: 30880/30881
      encode s7/test: 6176/123535
      encode s7/test: 12352/123535
      encode s7/test: 18528/123535
      encode s7/test: 24704/123535
      encode s7/test: 30880/123535
      encode s7/test: 37056/123535
      encode s7/test: 43232/123535
      encode s7/test: 49408/123535
      encode s7/test: 55584/123535
      encode s7/test: 61760/123535
      encode s7/test: 67936/123535
      encode s7/test: 74112/123535
      encode s7/test: 80288/123535
      encode s7/test: 86464/123535
      encode s7/test: 92640/123535
      encode s7/test: 98816/123535
      encode s7/test: 104992/123535
      encode s7/test: 111168/123535
      encode s7/test: 117344/123535
      encode s7/test: 123520/123535

== encode subject 8 ==
    train=27866 test=111472
      encode s8/train: 1393/27866
      encode s8/train: 2786/27866
      encode s8/train: 4179/27866
      encode s8/train: 5572/27866
      encode s8/train: 6965/27866
      encode s8/train: 8358/27866
      encode s8/train: 9751/27866
      encode s8/train: 11144/27866
      encode s8/train: 12537/27866
      encode s8/train: 13930/27866
      encode s8/train: 15323/27866
      encode s8/train: 16716/27866
      encode s8/train: 18109/27866
      encode s8/train: 19502/27866
      encode s8/train: 20895/27866
      encode s8/train: 22288/27866
      encode s8/train: 23681/27866
      encode s8/train: 25074/27866
      encode s8/train: 26467/27866
      encode s8/train: 27860/27866
      encode s8/test: 5573/111472
      encode s8/test: 11146/111472
      encode s8/test: 16719/111472
      encode s8/test: 22292/111472
      encode s8/test: 27865/111472
      encode s8/test: 33438/111472
      encode s8/test: 39011/111472
      encode s8/test: 44584/111472
      encode s8/test: 50157/111472
      encode s8/test: 55730/111472
      encode s8/test: 61303/111472
      encode s8/test: 66876/111472
      encode s8/test: 72449/111472
      encode s8/test: 78022/111472
      encode s8/test: 83595/111472
      encode s8/test: 89168/111472
      encode s8/test: 94741/111472
      encode s8/test: 100314/111472
      encode s8/test: 105887/111472
      encode s8/test: 111460/111472

== encode subject 9 ==
    train=30291 test=121173
      encode s9/train: 1514/30291
      encode s9/train: 3028/30291
      encode s9/train: 4542/30291
      encode s9/train: 6056/30291
      encode s9/train: 7570/30291
      encode s9/train: 9084/30291
      encode s9/train: 10598/30291
      encode s9/train: 12112/30291
      encode s9/train: 13626/30291
      encode s9/train: 15140/30291
      encode s9/train: 16654/30291
      encode s9/train: 18168/30291
      encode s9/train: 19682/30291
      encode s9/train: 21196/30291
      encode s9/train: 22710/30291
      encode s9/train: 24224/30291
      encode s9/train: 25738/30291
      encode s9/train: 27252/30291
      encode s9/train: 28766/30291
      encode s9/train: 30280/30291
      encode s9/test: 6058/121173
      encode s9/test: 12116/121173
      encode s9/test: 18174/121173
      encode s9/test: 24232/121173
      encode s9/test: 30290/121173
      encode s9/test: 36348/121173
      encode s9/test: 42406/121173
      encode s9/test: 48464/121173
      encode s9/test: 54522/121173
      encode s9/test: 60580/121173
      encode s9/test: 66638/121173
      encode s9/test: 72696/121173
      encode s9/test: 78754/121173
      encode s9/test: 84812/121173
      encode s9/test: 90870/121173
      encode s9/test: 96928/121173
      encode s9/test: 102986/121173
      encode s9/test: 109044/121173
      encode s9/test: 115102/121173
      encode s9/test: 121160/121173

== encode subject 10 ==
    train=29021 test=116094
      encode s10/train: 1451/29021
      encode s10/train: 2902/29021
      encode s10/train: 4353/29021
      encode s10/train: 5804/29021
      encode s10/train: 7255/29021
      encode s10/train: 8706/29021
      encode s10/train: 10157/29021
      encode s10/train: 11608/29021
      encode s10/train: 13059/29021
      encode s10/train: 14510/29021
      encode s10/train: 15961/29021
      encode s10/train: 17412/29021
      encode s10/train: 18863/29021
      encode s10/train: 20314/29021
      encode s10/train: 21765/29021
      encode s10/train: 23216/29021
      encode s10/train: 24667/29021
      encode s10/train: 26118/29021
      encode s10/train: 27569/29021
      encode s10/train: 29020/29021
      encode s10/test: 5804/116094
      encode s10/test: 11608/116094
      encode s10/test: 17412/116094
      encode s10/test: 23216/116094
      encode s10/test: 29020/116094
      encode s10/test: 34824/116094
      encode s10/test: 40628/116094
      encode s10/test: 46432/116094
      encode s10/test: 52236/116094
      encode s10/test: 58040/116094
      encode s10/test: 63844/116094
      encode s10/test: 69648/116094
      encode s10/test: 75452/116094
      encode s10/test: 81256/116094
      encode s10/test: 87060/116094
      encode s10/test: 92864/116094
      encode s10/test: 98668/116094
      encode s10/test: 104472/116094
      encode s10/test: 110276/116094
      encode s10/test: 116080/116094

== encode subject 11 ==
    train=33388 test=133560
      encode s11/train: 1669/33388
      encode s11/train: 3338/33388
      encode s11/train: 5007/33388
      encode s11/train: 6676/33388
      encode s11/train: 8345/33388
      encode s11/train: 10014/33388
      encode s11/train: 11683/33388
      encode s11/train: 13352/33388
      encode s11/train: 15021/33388
      encode s11/train: 16690/33388
      encode s11/train: 18359/33388
      encode s11/train: 20028/33388
      encode s11/train: 21697/33388
      encode s11/train: 23366/33388
      encode s11/train: 25035/33388
      encode s11/train: 26704/33388
      encode s11/train: 28373/33388
      encode s11/train: 30042/33388
      encode s11/train: 31711/33388
      encode s11/train: 33380/33388
      encode s11/test: 6678/133560
      encode s11/test: 13356/133560
      encode s11/test: 20034/133560
      encode s11/test: 26712/133560
      encode s11/test: 33390/133560
      encode s11/test: 40068/133560
      encode s11/test: 46746/133560
      encode s11/test: 53424/133560
      encode s11/test: 60102/133560
      encode s11/test: 66780/133560
      encode s11/test: 73458/133560
      encode s11/test: 80136/133560
      encode s11/test: 86814/133560
      encode s11/test: 93492/133560
      encode s11/test: 100170/133560
      encode s11/test: 106848/133560
      encode s11/test: 113526/133560
      encode s11/test: 120204/133560
      encode s11/test: 126882/133560

== encode subject 12 ==
    train=30255 test=121030
      encode s12/train: 1512/30255
      encode s12/train: 3024/30255
      encode s12/train: 4536/30255
      encode s12/train: 6048/30255
      encode s12/train: 7560/30255
      encode s12/train: 9072/30255
      encode s12/train: 10584/30255
      encode s12/train: 12096/30255
      encode s12/train: 13608/30255
      encode s12/train: 15120/30255
      encode s12/train: 16632/30255
      encode s12/train: 18144/30255
      encode s12/train: 19656/30255
      encode s12/train: 21168/30255
      encode s12/train: 22680/30255
      encode s12/train: 24192/30255
      encode s12/train: 25704/30255
      encode s12/train: 27216/30255
      encode s12/train: 28728/30255
      encode s12/train: 30240/30255
      encode s12/test: 6051/121030
      encode s12/test: 12102/121030
      encode s12/test: 18153/121030
      encode s12/test: 24204/121030
      encode s12/test: 30255/121030
      encode s12/test: 36306/121030
      encode s12/test: 42357/121030
      encode s12/test: 48408/121030
      encode s12/test: 54459/121030
      encode s12/test: 60510/121030
      encode s12/test: 66561/121030
      encode s12/test: 72612/121030
      encode s12/test: 78663/121030
      encode s12/test: 84714/121030
      encode s12/test: 90765/121030
      encode s12/test: 96816/121030
      encode s12/test: 102867/121030
      encode s12/test: 108918/121030
      encode s12/test: 114969/121030
      encode s12/test: 121020/121030

== encode subject 13 ==
    train=35427 test=141718
      encode s13/train: 1771/35427
      encode s13/train: 3542/35427
      encode s13/train: 5313/35427
      encode s13/train: 7084/35427
      encode s13/train: 8855/35427
      encode s13/train: 10626/35427
      encode s13/train: 12397/35427
      encode s13/train: 14168/35427
      encode s13/train: 15939/35427
      encode s13/train: 17710/35427
      encode s13/train: 19481/35427
      encode s13/train: 21252/35427
      encode s13/train: 23023/35427
      encode s13/train: 24794/35427
      encode s13/train: 26565/35427
      encode s13/train: 28336/35427
      encode s13/train: 30107/35427
      encode s13/train: 31878/35427
      encode s13/train: 33649/35427
      encode s13/train: 35420/35427
      encode s13/test: 7085/141718
      encode s13/test: 14170/141718
      encode s13/test: 21255/141718
      encode s13/test: 28340/141718
      encode s13/test: 35425/141718
      encode s13/test: 42510/141718
      encode s13/test: 49595/141718
      encode s13/test: 56680/141718
      encode s13/test: 63765/141718
      encode s13/test: 70850/141718
      encode s13/test: 77935/141718
      encode s13/test: 85020/141718
      encode s13/test: 92105/141718
      encode s13/test: 99190/141718
      encode s13/test: 106275/141718
      encode s13/test: 113360/141718
      encode s13/test: 120445/141718
      encode s13/test: 127530/141718
      encode s13/test: 134615/141718
      encode s13/test: 141700/141718

== encode subject 14 ==
    train=23637 test=94551
      encode s14/train: 1181/23637
      encode s14/train: 2362/23637
      encode s14/train: 3543/23637
      encode s14/train: 4724/23637
      encode s14/train: 5905/23637
      encode s14/train: 7086/23637
      encode s14/train: 8267/23637
      encode s14/train: 9448/23637
      encode s14/train: 10629/23637
      encode s14/train: 11810/23637
      encode s14/train: 12991/23637
      encode s14/train: 14172/23637
      encode s14/train: 15353/23637
      encode s14/train: 16534/23637
      encode s14/train: 17715/23637
      encode s14/train: 18896/23637
      encode s14/train: 20077/23637
      encode s14/train: 21258/23637
      encode s14/train: 22439/23637
      encode s14/train: 23620/23637
      encode s14/test: 4727/94551
      encode s14/test: 9454/94551
      encode s14/test: 14181/94551
      encode s14/test: 18908/94551
      encode s14/test: 23635/94551
      encode s14/test: 28362/94551
      encode s14/test: 33089/94551
      encode s14/test: 37816/94551
      encode s14/test: 42543/94551
      encode s14/test: 47270/94551
      encode s14/test: 51997/94551
      encode s14/test: 56724/94551
      encode s14/test: 61451/94551
      encode s14/test: 66178/94551
      encode s14/test: 70905/94551
      encode s14/test: 75632/94551
      encode s14/test: 80359/94551
      encode s14/test: 85086/94551
      encode s14/test: 89813/94551
      encode s14/test: 94540/94551

== encode subject 15 ==
    train=24523 test=98100
      encode s15/train: 1226/24523
      encode s15/train: 2452/24523
      encode s15/train: 3678/24523
      encode s15/train: 4904/24523
      encode s15/train: 6130/24523
      encode s15/train: 7356/24523
      encode s15/train: 8582/24523
      encode s15/train: 9808/24523
      encode s15/train: 11034/24523
      encode s15/train: 12260/24523
      encode s15/train: 13486/24523
      encode s15/train: 14712/24523
      encode s15/train: 15938/24523
      encode s15/train: 17164/24523
      encode s15/train: 18390/24523
      encode s15/train: 19616/24523
      encode s15/train: 20842/24523
      encode s15/train: 22068/24523
      encode s15/train: 23294/24523
      encode s15/train: 24520/24523
      encode s15/test: 4905/98100
      encode s15/test: 9810/98100
      encode s15/test: 14715/98100
      encode s15/test: 19620/98100
      encode s15/test: 24525/98100
      encode s15/test: 29430/98100
      encode s15/test: 34335/98100
      encode s15/test: 39240/98100
      encode s15/test: 44145/98100
      encode s15/test: 49050/98100
      encode s15/test: 53955/98100
      encode s15/test: 58860/98100
      encode s15/test: 63765/98100
      encode s15/test: 68670/98100
      encode s15/test: 73575/98100
      encode s15/test: 78480/98100
      encode s15/test: 83385/98100
      encode s15/test: 88290/98100
      encode s15/test: 93195/98100

== encode subject 16 ==
    train=24380 test=97530
      encode s16/train: 1219/24380
      encode s16/train: 2438/24380
      encode s16/train: 3657/24380
      encode s16/train: 4876/24380
      encode s16/train: 6095/24380
      encode s16/train: 7314/24380
      encode s16/train: 8533/24380
      encode s16/train: 9752/24380
      encode s16/train: 10971/24380
      encode s16/train: 12190/24380
      encode s16/train: 13409/24380
      encode s16/train: 14628/24380
      encode s16/train: 15847/24380
      encode s16/train: 17066/24380
      encode s16/train: 18285/24380
      encode s16/train: 19504/24380
      encode s16/train: 20723/24380
      encode s16/train: 21942/24380
      encode s16/train: 23161/24380
      encode s16/test: 4876/97530
      encode s16/test: 9752/97530
      encode s16/test: 14628/97530
      encode s16/test: 19504/97530
      encode s16/test: 24380/97530
      encode s16/test: 29256/97530
      encode s16/test: 34132/97530
      encode s16/test: 39008/97530
      encode s16/test: 43884/97530
      encode s16/test: 48760/97530
      encode s16/test: 53636/97530
      encode s16/test: 58512/97530
      encode s16/test: 63388/97530
      encode s16/test: 68264/97530
      encode s16/test: 73140/97530
      encode s16/test: 78016/97530
      encode s16/test: 82892/97530
      encode s16/test: 87768/97530
      encode s16/test: 92644/97530
      encode s16/test: 97520/97530

== encode subject 17 ==
    train=31268 test=125078
      encode s17/train: 1563/31268
      encode s17/train: 3126/31268
      encode s17/train: 4689/31268
      encode s17/train: 6252/31268
      encode s17/train: 7815/31268
      encode s17/train: 9378/31268
      encode s17/train: 10941/31268
      encode s17/train: 12504/31268
      encode s17/train: 14067/31268
      encode s17/train: 15630/31268
      encode s17/train: 17193/31268
      encode s17/train: 18756/31268
      encode s17/train: 20319/31268
      encode s17/train: 21882/31268
      encode s17/train: 23445/31268
      encode s17/train: 25008/31268
      encode s17/train: 26571/31268
      encode s17/train: 28134/31268
      encode s17/train: 29697/31268
      encode s17/train: 31260/31268
      encode s17/test: 6253/125078
      encode s17/test: 12506/125078
      encode s17/test: 18759/125078
      encode s17/test: 25012/125078
      encode s17/test: 31265/125078
      encode s17/test: 37518/125078
      encode s17/test: 43771/125078
      encode s17/test: 50024/125078
      encode s17/test: 56277/125078
      encode s17/test: 62530/125078
      encode s17/test: 68783/125078
      encode s17/test: 75036/125078
      encode s17/test: 81289/125078
      encode s17/test: 87542/125078
      encode s17/test: 93795/125078
      encode s17/test: 100048/125078
      encode s17/test: 106301/125078
      encode s17/test: 112554/125078
      encode s17/test: 118807/125078
      encode s17/test: 125060/125078

== encode subject 18 ==
    train=30409 test=121645
      encode s18/train: 1520/30409
      encode s18/train: 3040/30409
      encode s18/train: 4560/30409
      encode s18/train: 6080/30409
      encode s18/train: 7600/30409
      encode s18/train: 9120/30409
      encode s18/train: 10640/30409
      encode s18/train: 12160/30409
      encode s18/train: 13680/30409
      encode s18/train: 15200/30409
      encode s18/train: 16720/30409
      encode s18/train: 18240/30409
      encode s18/train: 19760/30409
      encode s18/train: 21280/30409
      encode s18/train: 22800/30409
      encode s18/train: 24320/30409
      encode s18/train: 25840/30409
      encode s18/train: 27360/30409
      encode s18/train: 28880/30409
      encode s18/train: 30400/30409
      encode s18/test: 6082/121645
      encode s18/test: 12164/121645
      encode s18/test: 18246/121645
      encode s18/test: 24328/121645
      encode s18/test: 30410/121645
      encode s18/test: 36492/121645
      encode s18/test: 42574/121645
      encode s18/test: 48656/121645
      encode s18/test: 54738/121645
      encode s18/test: 60820/121645
      encode s18/test: 66902/121645
      encode s18/test: 72984/121645
      encode s18/test: 79066/121645
      encode s18/test: 85148/121645
      encode s18/test: 91230/121645
      encode s18/test: 97312/121645
      encode s18/test: 103394/121645
      encode s18/test: 109476/121645
      encode s18/test: 115558/121645
      encode s18/test: 121640/121645

== encode subject 19 ==
    train=25638 test=102558
      encode s19/train: 1281/25638
      encode s19/train: 2562/25638
      encode s19/train: 3843/25638
      encode s19/train: 5124/25638
      encode s19/train: 6405/25638
      encode s19/train: 7686/25638
      encode s19/train: 8967/25638
      encode s19/train: 10248/25638
      encode s19/train: 11529/25638
      encode s19/train: 12810/25638
      encode s19/train: 14091/25638
      encode s19/train: 15372/25638
      encode s19/train: 16653/25638
      encode s19/train: 17934/25638
      encode s19/train: 19215/25638
      encode s19/train: 20496/25638
      encode s19/train: 21777/25638
      encode s19/train: 23058/25638
      encode s19/train: 24339/25638
      encode s19/train: 25620/25638
      encode s19/test: 5127/102558
      encode s19/test: 10254/102558
      encode s19/test: 15381/102558
      encode s19/test: 20508/102558
      encode s19/test: 25635/102558
      encode s19/test: 30762/102558
      encode s19/test: 35889/102558
      encode s19/test: 41016/102558
      encode s19/test: 46143/102558
      encode s19/test: 51270/102558
      encode s19/test: 56397/102558
      encode s19/test: 61524/102558
      encode s19/test: 66651/102558
      encode s19/test: 71778/102558
      encode s19/test: 76905/102558
      encode s19/test: 82032/102558
      encode s19/test: 87159/102558
      encode s19/test: 92286/102558
      encode s19/test: 97413/102558
      encode s19/test: 102540/102558

== encode subject 20 ==
    train=30101 test=120417
      encode s20/train: 1505/30101
      encode s20/train: 3010/30101
      encode s20/train: 4515/30101
      encode s20/train: 6020/30101
      encode s20/train: 7525/30101
      encode s20/train: 9030/30101
      encode s20/train: 10535/30101
      encode s20/train: 12040/30101
      encode s20/train: 13545/30101
      encode s20/train: 15050/30101
      encode s20/train: 16555/30101
      encode s20/train: 18060/30101
      encode s20/train: 19565/30101
      encode s20/train: 21070/30101
      encode s20/train: 22575/30101
      encode s20/train: 24080/30101
      encode s20/train: 25585/30101
      encode s20/train: 27090/30101
      encode s20/train: 28595/30101
      encode s20/train: 30100/30101
      encode s20/test: 6020/120417
      encode s20/test: 12040/120417
      encode s20/test: 18060/120417
      encode s20/test: 24080/120417
      encode s20/test: 30100/120417
      encode s20/test: 36120/120417
      encode s20/test: 42140/120417
      encode s20/test: 48160/120417
      encode s20/test: 54180/120417
      encode s20/test: 60200/120417
      encode s20/test: 66220/120417
      encode s20/test: 72240/120417
      encode s20/test: 78260/120417
      encode s20/test: 84280/120417
      encode s20/test: 90300/120417
      encode s20/test: 96320/120417
      encode s20/test: 102340/120417
      encode s20/test: 108360/120417
      encode s20/test: 114380/120417
      encode s20/test: 120400/120417

== encode subject 21 ==
    train=28243 test=112977
      encode s21/train: 1412/28243
      encode s21/train: 2824/28243
      encode s21/train: 4236/28243
      encode s21/train: 5648/28243
      encode s21/train: 7060/28243
      encode s21/train: 8472/28243
      encode s21/train: 9884/28243
      encode s21/train: 11296/28243
      encode s21/train: 12708/28243
      encode s21/train: 14120/28243
      encode s21/train: 15532/28243
      encode s21/train: 16944/28243
      encode s21/train: 18356/28243
      encode s21/train: 19768/28243
      encode s21/train: 21180/28243
      encode s21/train: 22592/28243
      encode s21/train: 24004/28243
      encode s21/train: 25416/28243
      encode s21/train: 26828/28243
      encode s21/train: 28240/28243
      encode s21/test: 5648/112977
      encode s21/test: 11296/112977
      encode s21/test: 16944/112977
      encode s21/test: 22592/112977
      encode s21/test: 28240/112977
      encode s21/test: 33888/112977
      encode s21/test: 39536/112977
      encode s21/test: 45184/112977
      encode s21/test: 50832/112977
      encode s21/test: 56480/112977
      encode s21/test: 62128/112977
      encode s21/test: 67776/112977
      encode s21/test: 73424/112977
      encode s21/test: 79072/112977
      encode s21/test: 84720/112977
      encode s21/test: 90368/112977
      encode s21/test: 96016/112977
      encode s21/test: 101664/112977
      encode s21/test: 107312/112977
      encode s21/test: 112960/112977

== encode subject 22 ==
    train=28302 test=113214
      encode s22/train: 1415/28302
      encode s22/train: 2830/28302
      encode s22/train: 4245/28302
      encode s22/train: 5660/28302
      encode s22/train: 7075/28302
      encode s22/train: 8490/28302
      encode s22/train: 9905/28302
      encode s22/train: 11320/28302
      encode s22/train: 12735/28302
      encode s22/train: 14150/28302
      encode s22/train: 15565/28302
      encode s22/train: 16980/28302
      encode s22/train: 18395/28302
      encode s22/train: 19810/28302
      encode s22/train: 21225/28302
      encode s22/train: 22640/28302
      encode s22/train: 24055/28302
      encode s22/train: 25470/28302
      encode s22/train: 26885/28302
      encode s22/train: 28300/28302
      encode s22/test: 5660/113214
      encode s22/test: 11320/113214
      encode s22/test: 16980/113214
      encode s22/test: 22640/113214
      encode s22/test: 28300/113214
      encode s22/test: 33960/113214
      encode s22/test: 39620/113214
      encode s22/test: 45280/113214
      encode s22/test: 50940/113214
      encode s22/test: 56600/113214
      encode s22/test: 62260/113214
      encode s22/test: 67920/113214
      encode s22/test: 73580/113214
      encode s22/test: 79240/113214
      encode s22/test: 84900/113214
      encode s22/test: 90560/113214
      encode s22/test: 96220/113214
      encode s22/test: 101880/113214
      encode s22/test: 107540/113214
      encode s22/test: 113200/113214

== encode subject 23 ==
    train=27188 test=108755
      encode s23/train: 1359/27188
      encode s23/train: 2718/27188
      encode s23/train: 4077/27188
      encode s23/train: 5436/27188
      encode s23/train: 6795/27188
      encode s23/train: 8154/27188
      encode s23/train: 9513/27188
      encode s23/train: 10872/27188
      encode s23/train: 12231/27188
      encode s23/train: 13590/27188
      encode s23/train: 14949/27188
      encode s23/train: 16308/27188
      encode s23/train: 17667/27188
      encode s23/train: 19026/27188
      encode s23/train: 20385/27188
      encode s23/train: 21744/27188
      encode s23/train: 23103/27188
      encode s23/train: 24462/27188
      encode s23/train: 25821/27188
      encode s23/train: 27180/27188
      encode s23/test: 5437/108755
      encode s23/test: 10874/108755
      encode s23/test: 16311/108755
      encode s23/test: 21748/108755
      encode s23/test: 27185/108755
      encode s23/test: 32622/108755
      encode s23/test: 38059/108755
      encode s23/test: 43496/108755
      encode s23/test: 48933/108755
      encode s23/test: 54370/108755
      encode s23/test: 59807/108755
      encode s23/test: 65244/108755
      encode s23/test: 70681/108755
      encode s23/test: 76118/108755
      encode s23/test: 81555/108755
      encode s23/test: 86992/108755
      encode s23/test: 92429/108755
      encode s23/test: 97866/108755
      encode s23/test: 103303/108755
      encode s23/test: 108740/108755

== encode subject 24 ==
    train=27391 test=109569
      encode s24/train: 1369/27391
      encode s24/train: 2738/27391
      encode s24/train: 4107/27391
      encode s24/train: 5476/27391
      encode s24/train: 6845/27391
      encode s24/train: 8214/27391
      encode s24/train: 9583/27391
      encode s24/train: 10952/27391
      encode s24/train: 12321/27391
      encode s24/train: 13690/27391
      encode s24/train: 15059/27391
      encode s24/train: 16428/27391
      encode s24/train: 17797/27391
      encode s24/train: 19166/27391
      encode s24/train: 20535/27391
      encode s24/train: 21904/27391
      encode s24/train: 23273/27391
      encode s24/train: 24642/27391
      encode s24/train: 26011/27391
      encode s24/train: 27380/27391
      encode s24/test: 5478/109569
      encode s24/test: 10956/109569
      encode s24/test: 16434/109569
      encode s24/test: 21912/109569
      encode s24/test: 27390/109569
      encode s24/test: 32868/109569
      encode s24/test: 38346/109569
      encode s24/test: 43824/109569
      encode s24/test: 49302/109569
      encode s24/test: 54780/109569
      encode s24/test: 60258/109569
      encode s24/test: 65736/109569
      encode s24/test: 71214/109569
      encode s24/test: 76692/109569
      encode s24/test: 82170/109569
      encode s24/test: 87648/109569
      encode s24/test: 93126/109569
      encode s24/test: 98604/109569
      encode s24/test: 104082/109569
      encode s24/test: 109560/109569

== encode subject 25 ==
    train=27587 test=110356
      encode s25/train: 1379/27587
      encode s25/train: 2758/27587
      encode s25/train: 4137/27587
      encode s25/train: 5516/27587
      encode s25/train: 6895/27587
      encode s25/train: 8274/27587
      encode s25/train: 9653/27587
      encode s25/train: 11032/27587
      encode s25/train: 12411/27587
      encode s25/train: 13790/27587
      encode s25/train: 15169/27587
      encode s25/train: 16548/27587
      encode s25/train: 17927/27587
      encode s25/train: 19306/27587
      encode s25/train: 20685/27587
      encode s25/train: 22064/27587
      encode s25/train: 23443/27587
      encode s25/train: 24822/27587
      encode s25/train: 26201/27587
      encode s25/train: 27580/27587
      encode s25/test: 5517/110356
      encode s25/test: 11034/110356
      encode s25/test: 16551/110356
      encode s25/test: 22068/110356
      encode s25/test: 27585/110356
      encode s25/test: 33102/110356
      encode s25/test: 38619/110356
      encode s25/test: 44136/110356
      encode s25/test: 49653/110356
      encode s25/test: 55170/110356
      encode s25/test: 60687/110356
      encode s25/test: 66204/110356
      encode s25/test: 71721/110356
      encode s25/test: 77238/110356
      encode s25/test: 82755/110356
      encode s25/test: 88272/110356
      encode s25/test: 93789/110356
      encode s25/test: 99306/110356
      encode s25/test: 104823/110356
      encode s25/test: 110340/110356

== encode subject 26 ==
    train=24983 test=99937
      encode s26/train: 1249/24983
      encode s26/train: 2498/24983
      encode s26/train: 3747/24983
      encode s26/train: 4996/24983
      encode s26/train: 6245/24983
      encode s26/train: 7494/24983
      encode s26/train: 8743/24983
      encode s26/train: 9992/24983
      encode s26/train: 11241/24983
      encode s26/train: 12490/24983
      encode s26/train: 13739/24983
      encode s26/train: 14988/24983
      encode s26/train: 16237/24983
      encode s26/train: 17486/24983
      encode s26/train: 18735/24983
      encode s26/train: 19984/24983
      encode s26/train: 21233/24983
      encode s26/train: 22482/24983
      encode s26/train: 23731/24983
      encode s26/train: 24980/24983
      encode s26/test: 4996/99937
      encode s26/test: 9992/99937
      encode s26/test: 14988/99937
      encode s26/test: 19984/99937
      encode s26/test: 24980/99937
      encode s26/test: 29976/99937
      encode s26/test: 34972/99937
      encode s26/test: 39968/99937
      encode s26/test: 44964/99937
      encode s26/test: 49960/99937
      encode s26/test: 54956/99937
      encode s26/test: 59952/99937
      encode s26/test: 64948/99937
      encode s26/test: 69944/99937
      encode s26/test: 74940/99937
      encode s26/test: 79936/99937
      encode s26/test: 84932/99937
      encode s26/test: 89928/99937
      encode s26/test: 94924/99937
      encode s26/test: 99920/99937

== encode subject 27 ==
    train=24968 test=99881
      encode s27/train: 1248/24968
      encode s27/train: 2496/24968
      encode s27/train: 3744/24968
      encode s27/train: 4992/24968
      encode s27/train: 6240/24968
      encode s27/train: 7488/24968
      encode s27/train: 8736/24968
      encode s27/train: 9984/24968
      encode s27/train: 11232/24968
      encode s27/train: 12480/24968
      encode s27/train: 13728/24968
      encode s27/train: 14976/24968
      encode s27/train: 16224/24968
      encode s27/train: 17472/24968
      encode s27/train: 18720/24968
      encode s27/train: 19968/24968
      encode s27/train: 21216/24968
      encode s27/train: 22464/24968
      encode s27/train: 23712/24968
      encode s27/train: 24960/24968
      encode s27/test: 4994/99881
      encode s27/test: 9988/99881
      encode s27/test: 14982/99881
      encode s27/test: 19976/99881
      encode s27/test: 24970/99881
      encode s27/test: 29964/99881
      encode s27/test: 34958/99881
      encode s27/test: 39952/99881
      encode s27/test: 44946/99881
      encode s27/test: 49940/99881
      encode s27/test: 54934/99881
      encode s27/test: 59928/99881
      encode s27/test: 64922/99881
      encode s27/test: 69916/99881
      encode s27/test: 74910/99881
      encode s27/test: 79904/99881
      encode s27/test: 84898/99881
      encode s27/test: 89892/99881
      encode s27/test: 94886/99881
      encode s27/test: 99880/99881

== encode subject 28 ==
    train=22961 test=91848
      encode s28/train: 1148/22961
      encode s28/train: 2296/22961
      encode s28/train: 3444/22961
      encode s28/train: 4592/22961
      encode s28/train: 5740/22961
      encode s28/train: 6888/22961
      encode s28/train: 8036/22961
      encode s28/train: 9184/22961
      encode s28/train: 10332/22961
      encode s28/train: 11480/22961
      encode s28/train: 12628/22961
      encode s28/train: 13776/22961
      encode s28/train: 14924/22961
      encode s28/train: 16072/22961
      encode s28/train: 17220/22961
      encode s28/train: 18368/22961
      encode s28/train: 19516/22961
      encode s28/train: 20664/22961
      encode s28/train: 21812/22961
      encode s28/train: 22960/22961
      encode s28/test: 4592/91848
      encode s28/test: 9184/91848
      encode s28/test: 13776/91848
      encode s28/test: 18368/91848
      encode s28/test: 22960/91848
      encode s28/test: 27552/91848
      encode s28/test: 32144/91848
      encode s28/test: 36736/91848
      encode s28/test: 41328/91848
      encode s28/test: 45920/91848
      encode s28/test: 50512/91848
      encode s28/test: 55104/91848
      encode s28/test: 59696/91848
      encode s28/test: 64288/91848
      encode s28/test: 68880/91848
      encode s28/test: 73472/91848
      encode s28/test: 78064/91848
      encode s28/test: 82656/91848
      encode s28/test: 87248/91848
      encode s28/test: 91840/91848

== encode subject 29 ==
    train=24669 test=98685
      encode s29/train: 1233/24669
      encode s29/train: 2466/24669
      encode s29/train: 3699/24669
      encode s29/train: 4932/24669
      encode s29/train: 6165/24669
      encode s29/train: 7398/24669
      encode s29/train: 8631/24669
      encode s29/train: 9864/24669
      encode s29/train: 11097/24669
      encode s29/train: 12330/24669
      encode s29/train: 13563/24669
      encode s29/train: 14796/24669
      encode s29/train: 16029/24669
      encode s29/train: 17262/24669
      encode s29/train: 18495/24669
      encode s29/train: 19728/24669
      encode s29/train: 20961/24669
      encode s29/train: 22194/24669
      encode s29/train: 23427/24669
      encode s29/train: 24660/24669
      encode s29/test: 4934/98685
      encode s29/test: 9868/98685
      encode s29/test: 14802/98685
      encode s29/test: 19736/98685
      encode s29/test: 24670/98685
      encode s29/test: 29604/98685
      encode s29/test: 34538/98685
      encode s29/test: 39472/98685
      encode s29/test: 44406/98685
      encode s29/test: 49340/98685
      encode s29/test: 54274/98685
      encode s29/test: 59208/98685
      encode s29/test: 64142/98685
      encode s29/test: 69076/98685
      encode s29/test: 74010/98685
      encode s29/test: 78944/98685
      encode s29/test: 83878/98685
      encode s29/test: 88812/98685
      encode s29/test: 93746/98685
      encode s29/test: 98680/98685

== encode subject 30 ==
    train=33685 test=134747
      encode s30/train: 1684/33685
      encode s30/train: 3368/33685
      encode s30/train: 5052/33685
      encode s30/train: 6736/33685
      encode s30/train: 8420/33685
      encode s30/train: 10104/33685
      encode s30/train: 11788/33685
      encode s30/train: 13472/33685
      encode s30/train: 15156/33685
      encode s30/train: 16840/33685
      encode s30/train: 18524/33685
      encode s30/train: 20208/33685
      encode s30/train: 21892/33685
      encode s30/train: 23576/33685
      encode s30/train: 25260/33685
      encode s30/train: 26944/33685
      encode s30/train: 28628/33685
      encode s30/train: 30312/33685
      encode s30/train: 31996/33685
      encode s30/train: 33680/33685
      encode s30/test: 6737/134747
      encode s30/test: 13474/134747
      encode s30/test: 20211/134747
      encode s30/test: 26948/134747
      encode s30/test: 33685/134747
      encode s30/test: 40422/134747
      encode s30/test: 47159/134747
      encode s30/test: 53896/134747
      encode s30/test: 60633/134747
      encode s30/test: 67370/134747
      encode s30/test: 74107/134747
      encode s30/test: 80844/134747
      encode s30/test: 87581/134747
      encode s30/test: 94318/134747
      encode s30/test: 101055/134747
      encode s30/test: 107792/134747
      encode s30/test: 114529/134747
      encode s30/test: 121266/134747
      encode s30/test: 128003/134747
      encode s30/test: 134740/134747

== encode subject 31 ==
    train=21235 test=84946
      encode s31/train: 1061/21235
      encode s31/train: 2122/21235
      encode s31/train: 3183/21235
      encode s31/train: 4244/21235
      encode s31/train: 5305/21235
      encode s31/train: 6366/21235
      encode s31/train: 7427/21235
      encode s31/train: 8488/21235
      encode s31/train: 9549/21235
      encode s31/train: 10610/21235
      encode s31/train: 11671/21235
      encode s31/train: 12732/21235
      encode s31/train: 13793/21235
      encode s31/train: 14854/21235
      encode s31/train: 15915/21235
      encode s31/train: 16976/21235
      encode s31/train: 18037/21235
      encode s31/train: 19098/21235
      encode s31/train: 20159/21235
      encode s31/train: 21220/21235
      encode s31/test: 4247/84946
      encode s31/test: 8494/84946
      encode s31/test: 12741/84946
      encode s31/test: 16988/84946
      encode s31/test: 21235/84946
      encode s31/test: 25482/84946
      encode s31/test: 29729/84946
      encode s31/test: 33976/84946
      encode s31/test: 38223/84946
      encode s31/test: 42470/84946
      encode s31/test: 46717/84946
      encode s31/test: 50964/84946
      encode s31/test: 55211/84946
      encode s31/test: 59458/84946
      encode s31/test: 63705/84946
      encode s31/test: 67952/84946
      encode s31/test: 72199/84946
      encode s31/test: 76446/84946
      encode s31/test: 80693/84946
      encode s31/test: 84940/84946

== encode subject 32 ==
    train=28784 test=115144
      encode s32/train: 1439/28784
      encode s32/train: 2878/28784
      encode s32/train: 4317/28784
      encode s32/train: 5756/28784
      encode s32/train: 7195/28784
      encode s32/train: 8634/28784
      encode s32/train: 10073/28784
      encode s32/train: 11512/28784
      encode s32/train: 12951/28784
      encode s32/train: 14390/28784
      encode s32/train: 15829/28784
      encode s32/train: 17268/28784
      encode s32/train: 18707/28784
      encode s32/train: 20146/28784
      encode s32/train: 21585/28784
      encode s32/train: 23024/28784
      encode s32/train: 24463/28784
      encode s32/train: 25902/28784
      encode s32/train: 27341/28784
      encode s32/train: 28780/28784
      encode s32/test: 5757/115144
      encode s32/test: 11514/115144
      encode s32/test: 17271/115144
      encode s32/test: 23028/115144
      encode s32/test: 28785/115144
      encode s32/test: 34542/115144
      encode s32/test: 40299/115144
      encode s32/test: 46056/115144
      encode s32/test: 51813/115144
      encode s32/test: 57570/115144
      encode s32/test: 63327/115144
      encode s32/test: 69084/115144
      encode s32/test: 74841/115144
      encode s32/test: 80598/115144
      encode s32/test: 86355/115144
      encode s32/test: 92112/115144
      encode s32/test: 97869/115144
      encode s32/test: 103626/115144
      encode s32/test: 109383/115144
      encode s32/test: 115140/115144

== encode subject 33 ==
    train=26392 test=105575
      encode s33/train: 1319/26392
      encode s33/train: 2638/26392
      encode s33/train: 3957/26392
      encode s33/train: 5276/26392
      encode s33/train: 6595/26392
      encode s33/train: 7914/26392
      encode s33/train: 9233/26392
      encode s33/train: 10552/26392
      encode s33/train: 11871/26392
      encode s33/train: 13190/26392
      encode s33/train: 14509/26392
      encode s33/train: 15828/26392
      encode s33/train: 17147/26392
      encode s33/train: 18466/26392
      encode s33/train: 19785/26392
      encode s33/train: 21104/26392
      encode s33/train: 22423/26392
      encode s33/train: 23742/26392
      encode s33/train: 25061/26392
      encode s33/train: 26380/26392
      encode s33/test: 5278/105575
      encode s33/test: 10556/105575
      encode s33/test: 15834/105575
      encode s33/test: 21112/105575
      encode s33/test: 26390/105575
      encode s33/test: 31668/105575
      encode s33/test: 36946/105575
      encode s33/test: 42224/105575
      encode s33/test: 47502/105575
      encode s33/test: 52780/105575
      encode s33/test: 58058/105575
      encode s33/test: 63336/105575
      encode s33/test: 68614/105575
      encode s33/test: 73892/105575
      encode s33/test: 79170/105575
      encode s33/test: 84448/105575
      encode s33/test: 89726/105575
      encode s33/test: 95004/105575
      encode s33/test: 100282/105575
      encode s33/test: 105560/105575

== encode subject 34 ==
    train=30853 test=123421
      encode s34/train: 1542/30853
      encode s34/train: 3084/30853
      encode s34/train: 4626/30853
      encode s34/train: 6168/30853
      encode s34/train: 7710/30853
      encode s34/train: 9252/30853
      encode s34/train: 10794/30853
      encode s34/train: 12336/30853
      encode s34/train: 13878/30853
      encode s34/train: 15420/30853
      encode s34/train: 16962/30853
      encode s34/train: 18504/30853
      encode s34/train: 20046/30853
      encode s34/train: 21588/30853
      encode s34/train: 23130/30853
      encode s34/train: 24672/30853
      encode s34/train: 26214/30853
      encode s34/train: 27756/30853
      encode s34/train: 29298/30853
      encode s34/train: 30840/30853
      encode s34/test: 6171/123421
      encode s34/test: 12342/123421
      encode s34/test: 18513/123421
      encode s34/test: 24684/123421
      encode s34/test: 30855/123421
      encode s34/test: 37026/123421
      encode s34/test: 43197/123421
      encode s34/test: 49368/123421
      encode s34/test: 55539/123421
      encode s34/test: 61710/123421
      encode s34/test: 67881/123421
      encode s34/test: 74052/123421
      encode s34/test: 80223/123421
      encode s34/test: 86394/123421
      encode s34/test: 92565/123421
      encode s34/test: 98736/123421
      encode s34/test: 104907/123421
      encode s34/test: 111078/123421
      encode s34/test: 117249/123421
      encode s34/test: 123420/123421

== encode subject 35 ==
    train=23324 test=93305
      encode s35/train: 1166/23324
      encode s35/train: 2332/23324
      encode s35/train: 3498/23324
      encode s35/train: 4664/23324
      encode s35/train: 5830/23324
      encode s35/train: 6996/23324
      encode s35/train: 8162/23324
      encode s35/train: 9328/23324
      encode s35/train: 10494/23324
      encode s35/train: 11660/23324
      encode s35/train: 12826/23324
      encode s35/train: 13992/23324
      encode s35/train: 15158/23324
      encode s35/train: 16324/23324
      encode s35/train: 17490/23324
      encode s35/train: 18656/23324
      encode s35/train: 19822/23324
      encode s35/train: 20988/23324
      encode s35/train: 22154/23324
      encode s35/train: 23320/23324
      encode s35/test: 4665/93305
      encode s35/test: 9330/93305
      encode s35/test: 13995/93305
      encode s35/test: 18660/93305
      encode s35/test: 23325/93305
      encode s35/test: 27990/93305
      encode s35/test: 32655/93305
      encode s35/test: 37320/93305
      encode s35/test: 41985/93305
      encode s35/test: 46650/93305
      encode s35/test: 51315/93305
      encode s35/test: 55980/93305
      encode s35/test: 60645/93305
      encode s35/test: 65310/93305
      encode s35/test: 69975/93305
      encode s35/test: 74640/93305
      encode s35/test: 79305/93305
      encode s35/test: 83970/93305
      encode s35/test: 88635/93305
      encode s35/test: 93300/93305

== encode subject 36 ==
    train=23940 test=95769
      encode s36/train: 1197/23940
      encode s36/train: 2394/23940
      encode s36/train: 3591/23940
      encode s36/train: 4788/23940
      encode s36/train: 5985/23940
      encode s36/train: 7182/23940
      encode s36/train: 8379/23940
      encode s36/train: 9576/23940
      encode s36/train: 10773/23940
      encode s36/train: 11970/23940
      encode s36/train: 13167/23940
      encode s36/train: 14364/23940
      encode s36/train: 15561/23940
      encode s36/train: 16758/23940
      encode s36/train: 17955/23940
      encode s36/train: 19152/23940
      encode s36/train: 20349/23940
      encode s36/train: 21546/23940
      encode s36/train: 22743/23940
      encode s36/test: 4788/95769
      encode s36/test: 9576/95769
      encode s36/test: 14364/95769
      encode s36/test: 19152/95769
      encode s36/test: 23940/95769
      encode s36/test: 28728/95769
      encode s36/test: 33516/95769
      encode s36/test: 38304/95769
      encode s36/test: 43092/95769
      encode s36/test: 47880/95769
      encode s36/test: 52668/95769
      encode s36/test: 57456/95769
      encode s36/test: 62244/95769
      encode s36/test: 67032/95769
      encode s36/test: 71820/95769
      encode s36/test: 76608/95769
      encode s36/test: 81396/95769
      encode s36/test: 86184/95769
      encode s36/test: 90972/95769
      encode s36/test: 95760/95769
    test S19: local=38.05%  pooled=38.05%  Δ=+0.00 pp
    test S20: local=69.89%  pooled=69.89%  Δ=+0.00 pp
    test S21: local=61.84%  pooled=61.84%  Δ=+0.00 pp
    test S22: local=42.24%  pooled=42.24%  Δ=+0.00 pp
    test S23: local=69.37%  pooled=69.37%  Δ=+0.00 pp
    test S24: local=54.59%  pooled=54.59%  Δ=+0.00 pp
    test S25: local=71.05%  pooled=71.05%  Δ=+0.00 pp
    test S26: local=61.01%  pooled=61.01%  Δ=+0.00 pp
    test S27: local=65.19%  pooled=65.19%  Δ=+0.00 pp
    test S28: local=63.60%  pooled=63.60%  Δ=+0.00 pp
    test S29: local=66.41%  pooled=66.41%  Δ=+0.00 pp
    test S30: local=54.54%  pooled=54.54%  Δ=+0.00 pp
    test S31: local=61.88%  pooled=61.88%  Δ=+0.00 pp
    test S32: local=53.97%  pooled=53.97%  Δ=+0.00 pp
    test S33: local=61.47%  pooled=61.47%  Δ=+0.00 pp
    test S34: local=72.62%  pooled=72.62%  Δ=+0.00 pp
    test S35: local=57.43%  pooled=57.43%  Δ=+0.00 pp
    test S36: local=68.19%  pooled=68.19%  Δ=+0.00 pp

======================================================================
Done in 60736.6s
  Local oracle (test mean):  60.74%
  Pooled transfer:         60.74%
  Gap (local − pooled):    +0.00 pp  (target |gap| ≤ 3 pp)
  Generalises:             YES
  results/twist2_36_keep05/twist2_results.json
======================================================================
